Archive member included to satisfy reference by file (symbol)

C:/ST/STM32CubeIDE_1.17.0/STM32CubeIDE/plugins/com.st.stm32cube.ide.mcu.externaltools.gnu-tools-for-stm32.12.3.rel1.win32_1.1.0.202410251130/tools/bin/../lib/gcc/arm-none-eabi/12.3.1/../../../../arm-none-eabi/lib/thumb/v7e-m+fp/hard\libc_nano.a(libc_a-exit.o)
                              C:/ST/STM32CubeIDE_1.17.0/STM32CubeIDE/plugins/com.st.stm32cube.ide.mcu.externaltools.gnu-tools-for-stm32.12.3.rel1.win32_1.1.0.202410251130/tools/bin/../lib/gcc/arm-none-eabi/12.3.1/../../../../arm-none-eabi/lib/thumb/v7e-m+fp/hard/crt0.o (exit)
C:/ST/STM32CubeIDE_1.17.0/STM32CubeIDE/plugins/com.st.stm32cube.ide.mcu.externaltools.gnu-tools-for-stm32.12.3.rel1.win32_1.1.0.202410251130/tools/bin/../lib/gcc/arm-none-eabi/12.3.1/../../../../arm-none-eabi/lib/thumb/v7e-m+fp/hard\libc_nano.a(libc_a-findfp.o)
                              ./Middlewares/FreeRTOS/tasks.o (__sf)
C:/ST/STM32CubeIDE_1.17.0/STM32CubeIDE/plugins/com.st.stm32cube.ide.mcu.externaltools.gnu-tools-for-stm32.12.3.rel1.win32_1.1.0.202410251130/tools/bin/../lib/gcc/arm-none-eabi/12.3.1/../../../../arm-none-eabi/lib/thumb/v7e-m+fp/hard\libc_nano.a(libc_a-fwalk.o)
                              C:/ST/STM32CubeIDE_1.17.0/STM32CubeIDE/plugins/com.st.stm32cube.ide.mcu.externaltools.gnu-tools-for-stm32.12.3.rel1.win32_1.1.0.202410251130/tools/bin/../lib/gcc/arm-none-eabi/12.3.1/../../../../arm-none-eabi/lib/thumb/v7e-m+fp/hard\libc_nano.a(libc_a-findfp.o) (_fwalk_sglue)
C:/ST/STM32CubeIDE_1.17.0/STM32CubeIDE/plugins/com.st.stm32cube.ide.mcu.externaltools.gnu-tools-for-stm32.12.3.rel1.win32_1.1.0.202410251130/tools/bin/../lib/gcc/arm-none-eabi/12.3.1/../../../../arm-none-eabi/lib/thumb/v7e-m+fp/hard\libc_nano.a(libc_a-stdio.o)
                              C:/ST/STM32CubeIDE_1.17.0/STM32CubeIDE/plugins/com.st.stm32cube.ide.mcu.externaltools.gnu-tools-for-stm32.12.3.rel1.win32_1.1.0.202410251130/tools/bin/../lib/gcc/arm-none-eabi/12.3.1/../../../../arm-none-eabi/lib/thumb/v7e-m+fp/hard\libc_nano.a(libc_a-findfp.o) (__sread)
C:/ST/STM32CubeIDE_1.17.0/STM32CubeIDE/plugins/com.st.stm32cube.ide.mcu.externaltools.gnu-tools-for-stm32.12.3.rel1.win32_1.1.0.202410251130/tools/bin/../lib/gcc/arm-none-eabi/12.3.1/../../../../arm-none-eabi/lib/thumb/v7e-m+fp/hard\libc_nano.a(libc_a-memset.o)
                              C:/ST/STM32CubeIDE_1.17.0/STM32CubeIDE/plugins/com.st.stm32cube.ide.mcu.externaltools.gnu-tools-for-stm32.12.3.rel1.win32_1.1.0.202410251130/tools/bin/../lib/gcc/arm-none-eabi/12.3.1/../../../../arm-none-eabi/lib/thumb/v7e-m+fp/hard/crt0.o (memset)
C:/ST/STM32CubeIDE_1.17.0/STM32CubeIDE/plugins/com.st.stm32cube.ide.mcu.externaltools.gnu-tools-for-stm32.12.3.rel1.win32_1.1.0.202410251130/tools/bin/../lib/gcc/arm-none-eabi/12.3.1/../../../../arm-none-eabi/lib/thumb/v7e-m+fp/hard\libc_nano.a(libc_a-closer.o)
                              C:/ST/STM32CubeIDE_1.17.0/STM32CubeIDE/plugins/com.st.stm32cube.ide.mcu.externaltools.gnu-tools-for-stm32.12.3.rel1.win32_1.1.0.202410251130/tools/bin/../lib/gcc/arm-none-eabi/12.3.1/../../../../arm-none-eabi/lib/thumb/v7e-m+fp/hard\libc_nano.a(libc_a-stdio.o) (_close_r)
C:/ST/STM32CubeIDE_1.17.0/STM32CubeIDE/plugins/com.st.stm32cube.ide.mcu.externaltools.gnu-tools-for-stm32.12.3.rel1.win32_1.1.0.202410251130/tools/bin/../lib/gcc/arm-none-eabi/12.3.1/../../../../arm-none-eabi/lib/thumb/v7e-m+fp/hard\libc_nano.a(libc_a-reent.o)
                              ./Middlewares/FreeRTOS/tasks.o (_reclaim_reent)
C:/ST/STM32CubeIDE_1.17.0/STM32CubeIDE/plugins/com.st.stm32cube.ide.mcu.externaltools.gnu-tools-for-stm32.12.3.rel1.win32_1.1.0.202410251130/tools/bin/../lib/gcc/arm-none-eabi/12.3.1/../../../../arm-none-eabi/lib/thumb/v7e-m+fp/hard\libc_nano.a(libc_a-impure.o)
                              ./Middlewares/FreeRTOS/tasks.o (_impure_ptr)
C:/ST/STM32CubeIDE_1.17.0/STM32CubeIDE/plugins/com.st.stm32cube.ide.mcu.externaltools.gnu-tools-for-stm32.12.3.rel1.win32_1.1.0.202410251130/tools/bin/../lib/gcc/arm-none-eabi/12.3.1/../../../../arm-none-eabi/lib/thumb/v7e-m+fp/hard\libc_nano.a(libc_a-lseekr.o)
                              C:/ST/STM32CubeIDE_1.17.0/STM32CubeIDE/plugins/com.st.stm32cube.ide.mcu.externaltools.gnu-tools-for-stm32.12.3.rel1.win32_1.1.0.202410251130/tools/bin/../lib/gcc/arm-none-eabi/12.3.1/../../../../arm-none-eabi/lib/thumb/v7e-m+fp/hard\libc_nano.a(libc_a-stdio.o) (_lseek_r)
C:/ST/STM32CubeIDE_1.17.0/STM32CubeIDE/plugins/com.st.stm32cube.ide.mcu.externaltools.gnu-tools-for-stm32.12.3.rel1.win32_1.1.0.202410251130/tools/bin/../lib/gcc/arm-none-eabi/12.3.1/../../../../arm-none-eabi/lib/thumb/v7e-m+fp/hard\libc_nano.a(libc_a-readr.o)
                              C:/ST/STM32CubeIDE_1.17.0/STM32CubeIDE/plugins/com.st.stm32cube.ide.mcu.externaltools.gnu-tools-for-stm32.12.3.rel1.win32_1.1.0.202410251130/tools/bin/../lib/gcc/arm-none-eabi/12.3.1/../../../../arm-none-eabi/lib/thumb/v7e-m+fp/hard\libc_nano.a(libc_a-stdio.o) (_read_r)
[...]
Memory Configuration

Name             Origin             Length             Attributes
RAM              0x20000000         0x00010000         xrw
FLASH            0x08000000         0x00040000         xr
*default*        0x00000000         0xffffffff

Linker script and memory map

LOAD C:/ST/STM32CubeIDE_1.17.0/STM32CubeIDE/plugins/com.st.stm32cube.ide.mcu.externaltools.gnu-tools-for-stm32.12.3.rel1.win32_1.1.0.202410251130/tools/bin/../lib/gcc/arm-none-eabi/12.3.1/thumb/v7e-m+fp/hard/crti.o
LOAD C:/ST/STM32CubeIDE_1.17.0/STM32CubeIDE/plugins/com.st.stm32cube.ide.mcu.externaltools.gnu-tools-for-stm32.12.3.rel1.win32_1.1.0.202410251130/tools/bin/../lib/gcc/arm-none-eabi/12.3.1/thumb/v7e-m+fp/hard/crtbegin.o
LOAD C:/ST/STM32CubeIDE_1.17.0/STM32CubeIDE/plugins/com.st.stm32cube.ide.mcu.externaltools.gnu-tools-for-stm32.12.3.rel1.win32_1.1.0.202410251130/tools/bin/../lib/gcc/arm-none-eabi/12.3.1/../../../../arm-none-eabi/lib/thumb/v7e-m+fp/hard/crt0.o
LOAD ./Core/Src/freertos.o
LOAD ./Core/Src/i2c-lcd.o
LOAD ./Core/Src/main.o
LOAD ./Core/Src/stm32f4xx_hal_msp.o
LOAD ./Core/Src/stm32f4xx_hal_timebase_tim.o
LOAD ./Core/Src/stm32f4xx_it.o
LOAD ./Core/Src/syscalls.o
LOAD ./Core/Src/sysmem.o
LOAD ./Core/Src/system_stm32f4xx.o
LOAD ./Core/Startup/startup_stm32f401rctx.o
LOAD ./Drivers/STM32F4xx_HAL_Driver/stm32f4xx_hal.o
LOAD ./Drivers/STM32F4xx_HAL_Driver/stm32f4xx_hal_cortex.o
LOAD ./Drivers/STM32F4xx_HAL_Driver/stm32f4xx_hal_dma.o
LOAD ./Drivers/STM32F4xx_HAL_Driver/stm32f4xx_hal_dma_ex.o
LOAD ./Drivers/STM32F4xx_HAL_Driver/stm32f4xx_hal_exti.o
LOAD ./Drivers/STM32F4xx_HAL_Driver/stm32f4xx_hal_flash.o
LOAD ./Drivers/STM32F4xx_HAL_Driver/stm32f4xx_hal_flash_ex.o
LOAD ./Drivers/STM32F4xx_HAL_Driver/stm32f4xx_hal_flash_ramfunc.o
LOAD ./Drivers/STM32F4xx_HAL_Driver/stm32f4xx_hal_gpio.o
LOAD ./Drivers/STM32F4xx_HAL_Driver/stm32f4xx_hal_i2c.o
LOAD ./Drivers/STM32F4xx_HAL_Driver/stm32f4xx_hal_i2c_ex.o
LOAD ./Drivers/STM32F4xx_HAL_Driver/stm32f4xx_hal_pwr.o
LOAD ./Drivers/STM32F4xx_HAL_Driver/stm32f4xx_hal_pwr_ex.o
LOAD ./Drivers/STM32F4xx_HAL_Driver/stm32f4xx_hal_rcc.o
LOAD ./Drivers/STM32F4xx_HAL_Driver/stm32f4xx_hal_rcc_ex.o
LOAD ./Drivers/STM32F4xx_HAL_Driver/stm32f4xx_hal_tim.o
LOAD ./Drivers/STM32F4xx_HAL_Driver/stm32f4xx_hal_tim_ex.o
LOAD ./Drivers/STM32F4xx_HAL_Driver/stm32f4xx_hal_uart.o
LOAD ./Middlewares/FreeRTOS/cmsis_os.o
LOAD ./Middlewares/FreeRTOS/croutine.o
LOAD ./Middlewares/FreeRTOS/event_groups.o
LOAD ./Middlewares/FreeRTOS/heap_4.o
LOAD ./Middlewares/FreeRTOS/list.o
LOAD ./Middlewares/FreeRTOS/port.o
LOAD ./Middlewares/FreeRTOS/queue.o
LOAD ./Middlewares/FreeRTOS/stream_buffer.o
LOAD ./Middlewares/FreeRTOS/tasks.o
LOAD ./Middlewares/FreeRTOS/timers.o
START GROUP
LOAD C:/ST/STM32CubeIDE_1.17.0/STM32CubeIDE/plugins/com.st.stm32cube.ide.mcu.externaltools.gnu-tools-for-stm32.12.3.rel1.win32_1.1.0.202410251130/tools/bin/../lib/gcc/arm-none-eabi/12.3.1/../../../../arm-none-eabi/lib/thumb/v7e-m+fp/hard\libc_nano.a
LOAD C:/ST/STM32CubeIDE_1.17.0/STM32CubeIDE/plugins/com.st.stm32cube.ide.mcu.externaltools.gnu-tools-for-stm32.12.3.rel1.win32_1.1.0.202410251130/tools/bin/../lib/gcc/arm-none-eabi/12.3.1/../../../../arm-none-eabi/lib/thumb/v7e-m+fp/hard\libm.a
END GROUP
START GROUP
LOAD C:/ST/STM32CubeIDE_1.17.0/STM32CubeIDE/plugins/com.st.stm32cube.ide.mcu.externaltools.gnu-tools-for-stm32.12.3.rel1.win32_1.1.0.202410251130/tools/bin/../lib/gcc/arm-none-eabi/12.3.1/thumb/v7e-m+fp/hard\libgcc.a
LOAD C:/ST/STM32CubeIDE_1.17.0/STM32CubeIDE/plugins/com.st.stm32cube.ide.mcu.externaltools.gnu-tools-for-stm32.12.3.rel1.win32_1.1.0.202410251130/tools/bin/../lib/gcc/arm-none-eabi/12.3.1/../../../../arm-none-eabi/lib/thumb/v7e-m+fp/hard\libc_nano.a
END GROUP
START GROUP
LOAD C:/ST/STM32CubeIDE_1.17.0/STM32CubeIDE/plugins/com.st.stm32cube.ide.mcu.externaltools.gnu-tools-for-stm32.12.3.rel1.win32_1.1.0.202410251130/tools/bin/../lib/gcc/arm-none-eabi/12.3.1/thumb/v7e-m+fp/hard\libgcc.a
LOAD C:/ST/STM32CubeIDE_1.17.0/STM32CubeIDE/plugins/com.st.stm32cube.ide.mcu.externaltools.gnu-tools-for-stm32.12.3.rel1.win32_1.1.0.202410251130/tools/bin/../lib/gcc/arm-none-eabi/12.3.1/../../../../arm-none-eabi/lib/thumb/v7e-m+fp/hard\libc_nano.a
LOAD C:/ST/STM32CubeIDE_1.17.0/STM32CubeIDE/plugins/com.st.stm32cube.ide.mcu.externaltools.gnu-tools-for-stm32.12.3.rel1.win32_1.1.0.202410251130/tools/bin/../lib/gcc/arm-none-eabi/12.3.1/../../../../arm-none-eabi/lib/thumb/v7e-m+fp/hard\libnosys.a
END GROUP
START GROUP
LOAD C:/ST/STM32CubeIDE_1.17.0/STM32CubeIDE/plugins/com.st.stm32cube.ide.mcu.externaltools.gnu-tools-for-stm32.12.3.rel1.win32_1.1.0.202410251130/tools/bin/../lib/gcc/arm-none-eabi/12.3.1/thumb/v7e-m+fp/hard\libgcc.a
LOAD C:/ST/STM32CubeIDE_1.17.0/STM32CubeIDE/plugins/com.st.stm32cube.ide.mcu.externaltools.gnu-tools-for-stm32.12.3.rel1.win32_1.1.0.202410251130/tools/bin/../lib/gcc/arm-none-eabi/12.3.1/../../../../arm-none-eabi/lib/thumb/v7e-m+fp/hard\libc_nano.a
LOAD C:/ST/STM32CubeIDE_1.17.0/STM32CubeIDE/plugins/com.st.stm32cube.ide.mcu.externaltools.gnu-tools-for-stm32.12.3.rel1.win32_1.1.0.202410251130/tools/bin/../lib/gcc/arm-none-eabi/12.3.1/../../../../arm-none-eabi/lib/thumb/v7e-m+fp/hard\libnosys.a
END GROUP
LOAD C:/ST/STM32CubeIDE_1.17.0/STM32CubeIDE/plugins/com.st.stm32cube.ide.mcu.externaltools.gnu-tools-for-stm32.12.3.rel1.win32_1.1.0.202410251130/tools/bin/../lib/gcc/arm-none-eabi/12.3.1/thumb/v7e-m+fp/hard/crtend.o
LOAD C:/ST/STM32CubeIDE_1.17.0/STM32CubeIDE/plugins/com.st.stm32cube.ide.mcu.externaltools.gnu-tools-for-stm32.12.3.rel1.win32_1.1.0.202410251130/tools/bin/../lib/gcc/arm-none-eabi/12.3.1/thumb/v7e-m+fp/hard/crtn.o
                0x20010000                        _estack = (ORIGIN (RAM) + LENGTH (RAM))
                0x00000200                        _Min_Heap_Size = 0x200
                0x00000400                        _Min_Stack_Size = 0x400

.isr_vector     0x08000000      0x194
                0x08000000                        . = ALIGN (0x4)
 *(.isr_vector)
 .isr_vector    0x08000000      0x194 ./Core/Startup/startup_stm32f401rctx.o
                0x08000000                g_pfnVectors
                0x08000194                        . = ALIGN (0x4)

.text           0x080001a0     0x6dcc
                0x080001a0                        . = ALIGN (0x4)
 *(.text)
 .text          0x080001a0       0x40 C:/ST/STM32CubeIDE_1.17.0/STM32CubeIDE/plugins/com.st.stm32cube.ide.mcu.externaltools.gnu-tools-for-stm32.12.3.rel1.win32_1.1.0.202410251130/tools/bin/../lib/gcc/arm-none-eabi/12.3.1/thumb/v7e-m+fp/hard/crtbegin.o
 .text          0x080001e0      0x378 C:/ST/STM32CubeIDE_1.17.0/STM32CubeIDE/plugins/com.st.stm32cube.ide.mcu.externaltools.gnu-tools-for-stm32.12.3.rel1.win32_1.1.0.202410251130/tools/bin/../lib/gcc/arm-none-eabi/12.3.1/thumb/v7e-m+fp/hard\libgcc.a(_arm_addsubdf3.o)
                0x080001e0                __aeabi_drsub
                0x080001e8                __aeabi_dsub
                0x080001e8                __subdf3
                0x080001ec                __aeabi_dadd
                0x080001ec                __adddf3
                0x08000464                __floatunsidf
                0x08000464                __aeabi_ui2d
                0x08000484                __floatsidf
                0x08000484                __aeabi_i2d
                0x080004a8                __aeabi_f2d
                0x080004a8                __extendsfdf2
                0x080004ec                __floatundidf
                0x080004ec                __aeabi_ul2d
                0x080004fc                __floatdidf
                0x080004fc                __aeabi_l2d
 .text          0x08000558      0x424 C:/ST/STM32CubeIDE_1.17.0/STM32CubeIDE/plugins/com.st.stm32cube.ide.mcu.externaltools.gnu-tools-for-stm32.12.3.rel1.win32_1.1.0.202410251130/tools/bin/../lib/gcc/arm-none-eabi/12.3.1/thumb/v7e-m+fp/hard\libgcc.a(_arm_muldivdf3.o)
                0x08000558                __aeabi_dmul
                0x08000558                __muldf3
                0x080007ac                __divdf3
                0x080007ac                __aeabi_ddiv
 .text          0x0800097c       0x40 C:/ST/STM32CubeIDE_1.17.0/STM32CubeIDE/plugins/com.st.stm32cube.ide.mcu.externaltools.gnu-tools-for-stm32.12.3.rel1.win32_1.1.0.202410251130/tools/bin/../lib/gcc/arm-none-eabi/12.3.1/thumb/v7e-m+fp/hard\libgcc.a(_arm_fixunsdfsi.o)
                0x0800097c                __aeabi_d2uiz
                0x0800097c                __fixunsdfsi
 .text          0x080009bc       0x30 C:/ST/STM32CubeIDE_1.17.0/STM32CubeIDE/plugins/com.st.stm32cube.ide.mcu.externaltools.gnu-tools-for-stm32.12.3.rel1.win32_1.1.0.202410251130/tools/bin/../lib/gcc/arm-none-eabi/12.3.1/thumb/v7e-m+fp/hard\libgcc.a(_aeabi_uldivmod.o)
                0x080009bc                __aeabi_uldivmod
 .text          0x080009ec      0x2bc C:/ST/STM32CubeIDE_1.17.0/STM32CubeIDE/plugins/com.st.stm32cube.ide.mcu.externaltools.gnu-tools-for-stm32.12.3.rel1.win32_1.1.0.202410251130/tools/bin/../lib/gcc/arm-none-eabi/12.3.1/thumb/v7e-m+fp/hard\libgcc.a(_udivmoddi4.o)
                0x080009ec                __udivmoddi4
 .text          0x08000ca8        0x4 C:/ST/STM32CubeIDE_1.17.0/STM32CubeIDE/plugins/com.st.stm32cube.ide.mcu.externaltools.gnu-tools-for-stm32.12.3.rel1.win32_1.1.0.202410251130/tools/bin/../lib/gcc/arm-none-eabi/12.3.1/thumb/v7e-m+fp/hard\libgcc.a(_dvmd_tls.o)
                0x08000ca8                __aeabi_idiv0
                0x08000ca8                __aeabi_ldiv0
 *(.text*)
 .text.vApplicationGetIdleTaskMemory
                0x08000cac       0x34 ./Core/Src/freertos.o
                0x08000cac                vApplicationGetIdleTaskMemory
 .text.LL_USART_SetBaudRate
                0x08000ce0      0x45c ./Core/Src/main.o
 .text.delay    0x0800113c       0x34 ./Core/Src/main.o
                0x0800113c                delay
 .text.HAL_TIM_IC_CaptureCallback
                0x08001170      0x140 ./Core/Src/main.o
                0x08001170                HAL_TIM_IC_CaptureCallback
 .text.HCSR04_Read
                0x080012b0       0x40 ./Core/Src/main.o
                0x080012b0                HCSR04_Read
 .text.main     0x080012f0       0xf0 ./Core/Src/main.o
                0x080012f0                main
 .text.SystemClock_Config
                0x080013e0       0xd4 ./Core/Src/main.o
                0x080013e0                SystemClock_Config
 .text.MX_I2C1_Init
                0x080014b4       0x5c ./Core/Src/main.o
 .text.MX_TIM1_Init
                0x08001510       0xac ./Core/Src/main.o
 .text.MX_USART1_UART_Init
                0x080015bc       0x54 ./Core/Src/main.o
 .text.MX_USART2_UART_Init
                0x08001610       0x54 ./Core/Src/main.o
 .text.MX_DMA_Init
                0x08001664       0x50 ./Core/Src/main.o
 .text.MX_GPIO_Init
                0x080016b4      0x10c ./Core/Src/main.o
 .text.DS18B20_Init
                0x080017c0       0x68 ./Core/Src/main.o
 .text.DS18B20_ReadBit
                0x08001828       0x38 ./Core/Src/main.o
 .text.DS18B20_ReadByte
                0x08001860       0x3e ./Core/Src/main.o
 *fill*         0x0800189e        0x2 
 .text.DS18B20_WriteByte
                0x080018a0       0x60 ./Core/Src/main.o
 .text.DS18B20_SampleTemp
                0x08001900       0x18 ./Core/Src/main.o
                0x08001900                DS18B20_SampleTemp
 .text.DS18B20_ReadTemp
                0x08001918       0x5c ./Core/Src/main.o
                0x08001918                DS18B20_ReadTemp
 .text.StartDefaultTask
                0x08001974       0x10 ./Core/Src/main.o
                0x08001974                StartDefaultTask
 .text.TEMP_init
                0x08001984       0x2c ./Core/Src/main.o
                0x08001984                TEMP_init
 .text.DIST_init
                0x080019b0       0x24 ./Core/Src/main.o
                0x080019b0                DIST_init
 .text.COMM_init
                0x080019d4      0x21c ./Core/Src/main.o
                0x080019d4                COMM_init
 .text.HAL_TIM_PeriodElapsedCallback
                0x08001bf0       0x1e ./Core/Src/main.o
                0x08001bf0                HAL_TIM_PeriodElapsedCallback
 .text.Error_Handler
                0x08001c0e        0xc ./Core/Src/main.o
                0x08001c0e                Error_Handler
 *fill*         0x08001c1a        0x2 
 .text.HAL_MspInit
                0x08001c1c       0x58 ./Core/Src/stm32f4xx_hal_msp.o
                0x08001c1c                HAL_MspInit
 .text.HAL_I2C_MspInit
                0x08001c74       0x90 ./Core/Src/stm32f4xx_hal_msp.o
                0x08001c74                HAL_I2C_MspInit
 .text.HAL_TIM_IC_MspInit
                0x08001d04       0xa0 ./Core/Src/stm32f4xx_hal_msp.o
                0x08001d04                HAL_TIM_IC_MspInit
 .text.HAL_UART_MspInit
                0x08001da4      0x1d4 ./Core/Src/stm32f4xx_hal_msp.o
                0x08001da4                HAL_UART_MspInit
 .text.HAL_InitTick
                0x08001f78       0xf8 ./Core/Src/stm32f4xx_hal_timebase_tim.o
                0x08001f78                HAL_InitTick
 .text.NMI_Handler
                0x08002070        0x8 ./Core/Src/stm32f4xx_it.o
                0x08002070                NMI_Handler
 .text.HardFault_Handler
                0x08002078        0x8 ./Core/Src/stm32f4xx_it.o
                0x08002078                HardFault_Handler
 .text.MemManage_Handler
                0x08002080        0x8 ./Core/Src/stm32f4xx_it.o
                0x08002080                MemManage_Handler
 .text.BusFault_Handler
                0x08002088        0x8 ./Core/Src/stm32f4xx_it.o
                0x08002088                BusFault_Handler
 .text.UsageFault_Handler
                0x08002090        0x8 ./Core/Src/stm32f4xx_it.o
                0x08002090                UsageFault_Handler
 .text.DebugMon_Handler
                0x08002098        0xe ./Core/Src/stm32f4xx_it.o
                0x08002098                DebugMon_Handler
 *fill*         0x080020a6        0x2 
 .text.TIM1_CC_IRQHandler
                0x080020a8       0x14 ./Core/Src/stm32f4xx_it.o
                0x080020a8                TIM1_CC_IRQHandler
 .text.TIM2_IRQHandler
                0x080020bc       0x14 ./Core/Src/stm32f4xx_it.o
                0x080020bc                TIM2_IRQHandler
 .text.USART1_IRQHandler
                0x080020d0       0x14 ./Core/Src/stm32f4xx_it.o
                0x080020d0                USART1_IRQHandler
 .text.DMA2_Stream2_IRQHandler
                0x080020e4       0x14 ./Core/Src/stm32f4xx_it.o
                0x080020e4                DMA2_Stream2_IRQHandler
 .text.DMA2_Stream7_IRQHandler
                0x080020f8       0x14 ./Core/Src/stm32f4xx_it.o
                0x080020f8                DMA2_Stream7_IRQHandler
 .text.SystemInit
                0x0800210c       0x24 ./Core/Src/system_stm32f4xx.o
                0x0800210c                SystemInit
 .text.Reset_Handler
                0x08002130       0x50 ./Core/Startup/startup_stm32f401rctx.o
                0x08002130                Reset_Handler
 .text.Default_Handler
                0x08002180        0x2 ./Core/Startup/startup_stm32f401rctx.o
                0x08002180                RTC_Alarm_IRQHandler
                0x08002180                EXTI2_IRQHandler
                0x08002180                SPI4_IRQHandler
                0x08002180                DMA2_Stream5_IRQHandler
                0x08002180                DMA1_Stream5_IRQHandler
                0x08002180                PVD_IRQHandler
                0x08002180                SDIO_IRQHandler
                0x08002180                TAMP_STAMP_IRQHandler
                0x08002180                EXTI3_IRQHandler
                0x08002180                TIM1_UP_TIM10_IRQHandler
                0x08002180                I2C3_ER_IRQHandler
                0x08002180                EXTI0_IRQHandler
                0x08002180                I2C2_EV_IRQHandler
                0x08002180                DMA1_Stream2_IRQHandler
                0x08002180                FPU_IRQHandler
                0x08002180                SPI1_IRQHandler
                0x08002180                TIM1_BRK_TIM9_IRQHandler
                0x08002180                DMA2_Stream3_IRQHandler
                0x08002180                USART6_IRQHandler
                0x08002180                DMA2_Stream0_IRQHandler
                0x08002180                TIM4_IRQHandler
                0x08002180                I2C1_EV_IRQHandler
                0x08002180                DMA1_Stream6_IRQHandler
                0x08002180                DMA1_Stream1_IRQHandler
                0x08002180                TIM3_IRQHandler
                0x08002180                RCC_IRQHandler
                0x08002180                Default_Handler
                0x08002180                EXTI15_10_IRQHandler
                0x08002180                ADC_IRQHandler
                0x08002180                DMA1_Stream7_IRQHandler
                0x08002180                TIM5_IRQHandler
                0x08002180                I2C3_EV_IRQHandler
                0x08002180                EXTI9_5_IRQHandler
                0x08002180                RTC_WKUP_IRQHandler
                0x08002180                SPI2_IRQHandler
                0x08002180                DMA1_Stream0_IRQHandler
                0x08002180                EXTI4_IRQHandler
                0x08002180                WWDG_IRQHandler
                0x08002180                OTG_FS_WKUP_IRQHandler
                0x08002180                TIM1_TRG_COM_TIM11_IRQHandler
                0x08002180                EXTI1_IRQHandler
                0x08002180                USART2_IRQHandler
                0x08002180                I2C2_ER_IRQHandler
                0x08002180                DMA2_Stream1_IRQHandler
                0x08002180                FLASH_IRQHandler
                0x08002180                DMA2_Stream4_IRQHandler
                0x08002180                OTG_FS_IRQHandler
                0x08002180                SPI3_IRQHandler
                0x08002180                DMA1_Stream4_IRQHandler
                0x08002180                I2C1_ER_IRQHandler
                0x08002180                DMA2_Stream6_IRQHandler
                0x08002180                DMA1_Stream3_IRQHandler
 *fill*         0x08002182        0x2 
 .text.HAL_Init
                0x08002184       0x44 ./Drivers/STM32F4xx_HAL_Driver/stm32f4xx_hal.o
                0x08002184                HAL_Init
 .text.HAL_IncTick
                0x080021c8       0x28 ./Drivers/STM32F4xx_HAL_Driver/stm32f4xx_hal.o
                0x080021c8                HAL_IncTick
 .text.HAL_GetTick
                0x080021f0       0x18 ./Drivers/STM32F4xx_HAL_Driver/stm32f4xx_hal.o
                0x080021f0                HAL_GetTick
 .text.__NVIC_SetPriorityGrouping
                0x08002208       0x48 ./Drivers/STM32F4xx_HAL_Driver/stm32f4xx_hal_cortex.o
 .text.__NVIC_GetPriorityGrouping
                0x08002250       0x1c ./Drivers/STM32F4xx_HAL_Driver/stm32f4xx_hal_cortex.o
 .text.__NVIC_EnableIRQ
                0x0800226c       0x3c ./Drivers/STM32F4xx_HAL_Driver/stm32f4xx_hal_cortex.o
 .text.__NVIC_SetPriority
                0x080022a8       0x54 ./Drivers/STM32F4xx_HAL_Driver/stm32f4xx_hal_cortex.o
 .text.NVIC_EncodePriority
                0x080022fc       0x66 ./Drivers/STM32F4xx_HAL_Driver/stm32f4xx_hal_cortex.o
 .text.HAL_NVIC_SetPriorityGrouping
                0x08002362       0x16 ./Drivers/STM32F4xx_HAL_Driver/stm32f4xx_hal_cortex.o
                0x08002362                HAL_NVIC_SetPriorityGrouping
 .text.HAL_NVIC_SetPriority
                0x08002378       0x38 ./Drivers/STM32F4xx_HAL_Driver/stm32f4xx_hal_cortex.o
                0x08002378                HAL_NVIC_SetPriority
 .text.HAL_NVIC_EnableIRQ
                0x080023b0       0x1c ./Drivers/STM32F4xx_HAL_Driver/stm32f4xx_hal_cortex.o
                0x080023b0                HAL_NVIC_EnableIRQ
 .text.HAL_DMA_Init
                0x080023cc      0x15c ./Drivers/STM32F4xx_HAL_Driver/stm32f4xx_hal_dma.o
                0x080023cc                HAL_DMA_Init
 .text.HAL_DMA_Abort
                0x08002528       0xe0 ./Drivers/STM32F4xx_HAL_Driver/stm32f4xx_hal_dma.o
                0x08002528                HAL_DMA_Abort
 .text.HAL_DMA_Abort_IT
                0x08002608       0x44 ./Drivers/STM32F4xx_HAL_Driver/stm32f4xx_hal_dma.o
                0x08002608                HAL_DMA_Abort_IT
 .text.HAL_DMA_IRQHandler
                0x0800264c      0x314 ./Drivers/STM32F4xx_HAL_Driver/stm32f4xx_hal_dma.o
                0x0800264c                HAL_DMA_IRQHandler
 .text.DMA_CalcBaseAndBitshift
                0x08002960       0x6c ./Drivers/STM32F4xx_HAL_Driver/stm32f4xx_hal_dma.o
 .text.DMA_CheckFifoParam
                0x080029cc       0xf8 ./Drivers/STM32F4xx_HAL_Driver/stm32f4xx_hal_dma.o
 .text.HAL_GPIO_Init
                0x08002ac4      0x308 ./Drivers/STM32F4xx_HAL_Driver/stm32f4xx_hal_gpio.o
                0x08002ac4                HAL_GPIO_Init
 .text.HAL_GPIO_WritePin
                0x08002dcc       0x32 ./Drivers/STM32F4xx_HAL_Driver/stm32f4xx_hal_gpio.o
                0x08002dcc                HAL_GPIO_WritePin
 .text.HAL_GPIO_TogglePin
                0x08002dfe       0x34 ./Drivers/STM32F4xx_HAL_Driver/stm32f4xx_hal_gpio.o
                0x08002dfe                HAL_GPIO_TogglePin
 *fill*         0x08002e32        0x2 
 .text.HAL_I2C_Init
                0x08002e34      0x288 ./Drivers/STM32F4xx_HAL_Driver/stm32f4xx_hal_i2c.o
                0x08002e34                HAL_I2C_Init
 .text.HAL_RCC_OscConfig
                0x080030bc      0x4f0 ./Drivers/STM32F4xx_HAL_Driver/stm32f4xx_hal_rcc.o
                0x080030bc                HAL_RCC_OscConfig
 .text.HAL_RCC_ClockConfig
                0x080035ac      0x1cc ./Drivers/STM32F4xx_HAL_Driver/stm32f4xx_hal_rcc.o
                0x080035ac                HAL_RCC_ClockConfig
 .text.HAL_RCC_GetSysClockFreq
                0x08003778      0x18c ./Drivers/STM32F4xx_HAL_Driver/stm32f4xx_hal_rcc.o
                0x08003778                HAL_RCC_GetSysClockFreq
 .text.HAL_RCC_GetHCLKFreq
                0x08003904       0x18 ./Drivers/STM32F4xx_HAL_Driver/stm32f4xx_hal_rcc.o
                0x08003904                HAL_RCC_GetHCLKFreq
 .text.HAL_RCC_GetPCLK1Freq
                0x0800391c       0x28 ./Drivers/STM32F4xx_HAL_Driver/stm32f4xx_hal_rcc.o
                0x0800391c                HAL_RCC_GetPCLK1Freq
 .text.HAL_RCC_GetPCLK2Freq
                0x08003944       0x28 ./Drivers/STM32F4xx_HAL_Driver/stm32f4xx_hal_rcc.o
                0x08003944                HAL_RCC_GetPCLK2Freq
 .text.HAL_RCC_GetClockConfig
                0x0800396c       0x64 ./Drivers/STM32F4xx_HAL_Driver/stm32f4xx_hal_rcc.o
                0x0800396c                HAL_RCC_GetClockConfig
 .text.HAL_TIM_Base_Init
                0x080039d0       0x9e ./Drivers/STM32F4xx_HAL_Driver/stm32f4xx_hal_tim.o
                0x080039d0                HAL_TIM_Base_Init
 .text.HAL_TIM_Base_MspInit
                0x08003a6e       0x14 ./Drivers/STM32F4xx_HAL_Driver/stm32f4xx_hal_tim.o
                0x08003a6e                HAL_TIM_Base_MspInit
 *fill*         0x08003a82        0x2 
 .text.HAL_TIM_Base_Start_IT
                0x08003a84       0xc4 ./Drivers/STM32F4xx_HAL_Driver/stm32f4xx_hal_tim.o
                0x08003a84                HAL_TIM_Base_Start_IT
 .text.HAL_TIM_IC_Init
                0x08003b48       0x9e ./Drivers/STM32F4xx_HAL_Driver/stm32f4xx_hal_tim.o
                0x08003b48                HAL_TIM_IC_Init
 *fill*         0x08003be6        0x2 
 .text.HAL_TIM_IC_Start_IT
                0x08003be8      0x234 ./Drivers/STM32F4xx_HAL_Driver/stm32f4xx_hal_tim.o
                0x08003be8                HAL_TIM_IC_Start_IT
 .text.HAL_TIM_IRQHandler
                0x08003e1c      0x1e0 ./Drivers/STM32F4xx_HAL_Driver/stm32f4xx_hal_tim.o
                0x08003e1c                HAL_TIM_IRQHandler
 .text.HAL_TIM_IC_ConfigChannel
                0x08003ffc      0x138 ./Drivers/STM32F4xx_HAL_Driver/stm32f4xx_hal_tim.o
                0x08003ffc                HAL_TIM_IC_ConfigChannel
 .text.HAL_TIM_ReadCapturedValue
                0x08004134       0x88 ./Drivers/STM32F4xx_HAL_Driver/stm32f4xx_hal_tim.o
                0x08004134                HAL_TIM_ReadCapturedValue
 .text.HAL_TIM_OC_DelayElapsedCallback
                0x080041bc       0x14 ./Drivers/STM32F4xx_HAL_Driver/stm32f4xx_hal_tim.o
                0x080041bc                HAL_TIM_OC_DelayElapsedCallback
 .text.HAL_TIM_PWM_PulseFinishedCallback
                0x080041d0       0x14 ./Drivers/STM32F4xx_HAL_Driver/stm32f4xx_hal_tim.o
                0x080041d0                HAL_TIM_PWM_PulseFinishedCallback
 .text.HAL_TIM_TriggerCallback
                0x080041e4       0x14 ./Drivers/STM32F4xx_HAL_Driver/stm32f4xx_hal_tim.o
                0x080041e4                HAL_TIM_TriggerCallback
 .text.TIM_Base_SetConfig
                0x080041f8      0x118 ./Drivers/STM32F4xx_HAL_Driver/stm32f4xx_hal_tim.o
                0x080041f8                TIM_Base_SetConfig
 .text.TIM_TI1_SetConfig
                0x08004310       0xd0 ./Drivers/STM32F4xx_HAL_Driver/stm32f4xx_hal_tim.o
                0x08004310                TIM_TI1_SetConfig
 .text.TIM_TI2_SetConfig
                0x080043e0       0x7a ./Drivers/STM32F4xx_HAL_Driver/stm32f4xx_hal_tim.o
 .text.TIM_TI3_SetConfig
                0x0800445a       0x78 ./Drivers/STM32F4xx_HAL_Driver/stm32f4xx_hal_tim.o
 .text.TIM_TI4_SetConfig
                0x080044d2       0x7a ./Drivers/STM32F4xx_HAL_Driver/stm32f4xx_hal_tim.o
 .text.TIM_CCxChannelCmd
                0x0800454c       0x4a ./Drivers/STM32F4xx_HAL_Driver/stm32f4xx_hal_tim.o
                0x0800454c                TIM_CCxChannelCmd
 *fill*         0x08004596        0x2 
 .text.HAL_TIMEx_MasterConfigSynchronization
                0x08004598       0xdc ./Drivers/STM32F4xx_HAL_Driver/stm32f4xx_hal_tim_ex.o
                0x08004598                HAL_TIMEx_MasterConfigSynchronization
 .text.HAL_TIMEx_CommutCallback
                0x08004674       0x14 ./Drivers/STM32F4xx_HAL_Driver/stm32f4xx_hal_tim_ex.o
                0x08004674                HAL_TIMEx_CommutCallback
 .text.HAL_TIMEx_BreakCallback
                0x08004688       0x14 ./Drivers/STM32F4xx_HAL_Driver/stm32f4xx_hal_tim_ex.o
                0x08004688                HAL_TIMEx_BreakCallback
 .text.HAL_UART_Init
                0x0800469c       0xa0 ./Drivers/STM32F4xx_HAL_Driver/stm32f4xx_hal_uart.o
                0x0800469c                HAL_UART_Init
 .text.HAL_HalfDuplex_Init
                0x0800473c       0xb0 ./Drivers/STM32F4xx_HAL_Driver/stm32f4xx_hal_uart.o
                0x0800473c                HAL_HalfDuplex_Init
 .text.HAL_UART_Transmit
                0x080047ec      0x116 ./Drivers/STM32F4xx_HAL_Driver/stm32f4xx_hal_uart.o
                0x080047ec                HAL_UART_Transmit
 .text.HAL_UART_Receive
                0x08004902      0x12e ./Drivers/STM32F4xx_HAL_Driver/stm32f4xx_hal_uart.o
                0x08004902                HAL_UART_Receive
 .text.HAL_UART_IRQHandler
                0x08004a30      0x524 ./Drivers/STM32F4xx_HAL_Driver/stm32f4xx_hal_uart.o
                0x08004a30                HAL_UART_IRQHandler
 .text.HAL_UART_TxCpltCallback
                0x08004f54       0x14 ./Drivers/STM32F4xx_HAL_Driver/stm32f4xx_hal_uart.o
                0x08004f54                HAL_UART_TxCpltCallback
 .text.HAL_UART_RxCpltCallback
                0x08004f68       0x14 ./Drivers/STM32F4xx_HAL_Driver/stm32f4xx_hal_uart.o
                0x08004f68                HAL_UART_RxCpltCallback
 .text.HAL_UART_ErrorCallback
                0x08004f7c       0x14 ./Drivers/STM32F4xx_HAL_Driver/stm32f4xx_hal_uart.o
                0x08004f7c                HAL_UART_ErrorCallback
 .text.HAL_UARTEx_RxEventCallback
                0x08004f90       0x18 ./Drivers/STM32F4xx_HAL_Driver/stm32f4xx_hal_uart.o
                0x08004f90                HAL_UARTEx_RxEventCallback
 .text.UART_WaitOnFlagUntilTimeout
                0x08004fa8       0xb2 ./Drivers/STM32F4xx_HAL_Driver/stm32f4xx_hal_uart.o
 .text.UART_EndRxTransfer
                0x0800505a       0xc6 ./Drivers/STM32F4xx_HAL_Driver/stm32f4xx_hal_uart.o
 .text.UART_DMAAbortOnError
                0x08005120       0x28 ./Drivers/STM32F4xx_HAL_Driver/stm32f4xx_hal_uart.o
 .text.UART_Transmit_IT
                0x08005148       0xa0 ./Drivers/STM32F4xx_HAL_Driver/stm32f4xx_hal_uart.o
 .text.UART_EndTransmit_IT
                0x080051e8       0x30 ./Drivers/STM32F4xx_HAL_Driver/stm32f4xx_hal_uart.o
 .text.UART_Receive_IT
                0x08005218      0x17c ./Drivers/STM32F4xx_HAL_Driver/stm32f4xx_hal_uart.o
 .text.UART_SetConfig
                0x08005394      0x4e8 ./Drivers/STM32F4xx_HAL_Driver/stm32f4xx_hal_uart.o
 .text.makeFreeRtosPriority
                0x0800587c       0x30 ./Middlewares/FreeRTOS/cmsis_os.o
 .text.osKernelStart
                0x080058ac        0xe ./Middlewares/FreeRTOS/cmsis_os.o
                0x080058ac                osKernelStart
 .text.osThreadCreate
                0x080058ba       0x98 ./Middlewares/FreeRTOS/cmsis_os.o
                0x080058ba                osThreadCreate
 .text.osDelay  0x08005952       0x28 ./Middlewares/FreeRTOS/cmsis_os.o
                0x08005952                osDelay
 *fill*         0x0800597a        0x2 
 .text.pvPortMalloc
                0x0800597c      0x19c ./Middlewares/FreeRTOS/heap_4.o
                0x0800597c                pvPortMalloc
 .text.vPortFree
                0x08005b18       0xc8 ./Middlewares/FreeRTOS/heap_4.o
                0x08005b18                vPortFree
 .text.prvHeapInit
                0x08005be0       0xc4 ./Middlewares/FreeRTOS/heap_4.o
 .text.prvInsertBlockIntoFreeList
                0x08005ca4       0xb4 ./Middlewares/FreeRTOS/heap_4.o
 .text.vListInitialise
                0x08005d58       0x40 ./Middlewares/FreeRTOS/list.o
                0x08005d58                vListInitialise
 .text.vListInitialiseItem
                0x08005d98       0x1a ./Middlewares/FreeRTOS/list.o
                0x08005d98                vListInitialiseItem
 .text.vListInsertEnd
                0x08005db2       0x48 ./Middlewares/FreeRTOS/list.o
                0x08005db2                vListInsertEnd
 .text.vListInsert
                0x08005dfa       0x72 ./Middlewares/FreeRTOS/list.o
                0x08005dfa                vListInsert
 .text.uxListRemove
                0x08005e6c       0x54 ./Middlewares/FreeRTOS/list.o
                0x08005e6c                uxListRemove
 .text.pxPortInitialiseStack
                0x08005ec0       0x68 ./Middlewares/FreeRTOS/port.o
                0x08005ec0                pxPortInitialiseStack
 .text.prvTaskExitError
                0x08005f28       0x5c ./Middlewares/FreeRTOS/port.o
 *fill*         0x08005f84        0xc 
 .text.SVC_Handler
                0x08005f90       0x28 ./Middlewares/FreeRTOS/port.o
                0x08005f90                SVC_Handler
 .text.prvPortStartFirstTask
                0x08005fb8       0x28 ./Middlewares/FreeRTOS/port.o
 .text.xPortStartScheduler
                0x08005fe0      0x148 ./Middlewares/FreeRTOS/port.o
                0x08005fe0                xPortStartScheduler
 .text.vPortEnterCritical
                0x08006128       0x64 ./Middlewares/FreeRTOS/port.o
                0x08006128                vPortEnterCritical
 .text.vPortExitCritical
                0x0800618c       0x54 ./Middlewares/FreeRTOS/port.o
                0x0800618c                vPortExitCritical
 .text.PendSV_Handler
                0x080061e0       0x68 ./Middlewares/FreeRTOS/port.o
                0x080061e0                PendSV_Handler
 .text.SysTick_Handler
                0x08006248       0x44 ./Middlewares/FreeRTOS/port.o
                0x08006248                SysTick_Handler
 .text.vPortSetupTimerInterrupt
                0x0800628c       0x48 ./Middlewares/FreeRTOS/port.o
                0x0800628c                vPortSetupTimerInterrupt
 .text.vPortEnableVFP
                0x080062d4       0x14 ./Middlewares/FreeRTOS/port.o
 .text.xTaskCreateStatic
                0x080062e8       0xc0 ./Middlewares/FreeRTOS/tasks.o
                0x080062e8                xTaskCreateStatic
 .text.xTaskCreate
                0x080063a8       0x8a ./Middlewares/FreeRTOS/tasks.o
                0x080063a8                xTaskCreate
 *fill*         0x08006432        0x2 
 .text.prvInitialiseNewTask
                0x08006434      0x140 ./Middlewares/FreeRTOS/tasks.o
 .text.prvAddNewTaskToReadyList
                0x08006574       0xd4 ./Middlewares/FreeRTOS/tasks.o
 .text.vTaskDelay
                0x08006648       0x6c ./Middlewares/FreeRTOS/tasks.o
                0x08006648                vTaskDelay
 .text.vTaskStartScheduler
                0x080066b4       0xd4 ./Middlewares/FreeRTOS/tasks.o
                0x080066b4                vTaskStartScheduler
 .text.vTaskSuspendAll
                0x08006788       0x1c ./Middlewares/FreeRTOS/tasks.o
                0x08006788                vTaskSuspendAll
 .text.xTaskResumeAll
                0x080067a4      0x13c ./Middlewares/FreeRTOS/tasks.o
                0x080067a4                xTaskResumeAll
 .text.xTaskIncrementTick
                0x080068e0      0x174 ./Middlewares/FreeRTOS/tasks.o
                0x080068e0                xTaskIncrementTick
 .text.vTaskSwitchContext
                0x08006a54       0xc8 ./Middlewares/FreeRTOS/tasks.o
                0x08006a54                vTaskSwitchContext
 .text.prvIdleTask
                0x08006b1c       0x30 ./Middlewares/FreeRTOS/tasks.o
 .text.prvInitialiseTaskLists
                0x08006b4c       0x80 ./Middlewares/FreeRTOS/tasks.o
 .text.prvCheckTasksWaitingTermination
                0x08006bcc       0x5c ./Middlewares/FreeRTOS/tasks.o
 .text.prvDeleteTCB
                0x08006c28       0x6a ./Middlewares/FreeRTOS/tasks.o
 *fill*         0x08006c92        0x2 
 .text.prvResetNextTaskUnblockTime
                0x08006c94       0x40 ./Middlewares/FreeRTOS/tasks.o
 .text.prvAddCurrentTaskToDelayedList
                0x08006cd4       0xcc ./Middlewares/FreeRTOS/tasks.o
 .text.memset   0x08006da0       0x10 C:/ST/STM32CubeIDE_1.17.0/STM32CubeIDE/plugins/com.st.stm32cube.ide.mcu.externaltools.gnu-tools-for-stm32.12.3.rel1.win32_1.1.0.202410251130/tools/bin/../lib/gcc/arm-none-eabi/12.3.1/../../../../arm-none-eabi/lib/thumb/v7e-m+fp/hard\libc_nano.a(libc_a-memset.o)
                0x08006da0                memset
 .text._reclaim_reent
                0x08006db0       0xac C:/ST/STM32CubeIDE_1.17.0/STM32CubeIDE/plugins/com.st.stm32cube.ide.mcu.externaltools.gnu-tools-for-stm32.12.3.rel1.win32_1.1.0.202410251130/tools/bin/../lib/gcc/arm-none-eabi/12.3.1/../../../../arm-none-eabi/lib/thumb/v7e-m+fp/hard\libc_nano.a(libc_a-reent.o)
                0x08006db0                _reclaim_reent
 .text.__libc_init_array
                0x08006e5c       0x48 C:/ST/STM32CubeIDE_1.17.0/STM32CubeIDE/plugins/com.st.stm32cube.ide.mcu.externaltools.gnu-tools-for-stm32.12.3.rel1.win32_1.1.0.202410251130/tools/bin/../lib/gcc/arm-none-eabi/12.3.1/../../../../arm-none-eabi/lib/thumb/v7e-m+fp/hard\libc_nano.a(libc_a-init.o)
                0x08006e5c                __libc_init_array
 .text.__retarget_lock_acquire_recursive
                0x08006ea4        0x2 C:/ST/STM32CubeIDE_1.17.0/STM32CubeIDE/plugins/com.st.stm32cube.ide.mcu.externaltools.gnu-tools-for-stm32.12.3.rel1.win32_1.1.0.202410251130/tools/bin/../lib/gcc/arm-none-eabi/12.3.1/../../../../arm-none-eabi/lib/thumb/v7e-m+fp/hard\libc_nano.a(libc_a-lock.o)
                0x08006ea4                __retarget_lock_acquire_recursive
 .text.__retarget_lock_release_recursive
                0x08006ea6        0x2 C:/ST/STM32CubeIDE_1.17.0/STM32CubeIDE/plugins/com.st.stm32cube.ide.mcu.externaltools.gnu-tools-for-stm32.12.3.rel1.win32_1.1.0.202410251130/tools/bin/../lib/gcc/arm-none-eabi/12.3.1/../../../../arm-none-eabi/lib/thumb/v7e-m+fp/hard\libc_nano.a(libc_a-lock.o)
                0x08006ea6                __retarget_lock_release_recursive
 .text._free_r  0x08006ea8       0x94 C:/ST/STM32CubeIDE_1.17.0/STM32CubeIDE/plugins/com.st.stm32cube.ide.mcu.externaltools.gnu-tools-for-stm32.12.3.rel1.win32_1.1.0.202410251130/tools/bin/../lib/gcc/arm-none-eabi/12.3.1/../../../../arm-none-eabi/lib/thumb/v7e-m+fp/hard\libc_nano.a(libc_a-freer.o)
                0x08006ea8                _free_r
 .text.__malloc_lock
                0x08006f3c        0xc C:/ST/STM32CubeIDE_1.17.0/STM32CubeIDE/plugins/com.st.stm32cube.ide.mcu.externaltools.gnu-tools-for-stm32.12.3.rel1.win32_1.1.0.202410251130/tools/bin/../lib/gcc/arm-none-eabi/12.3.1/../../../../arm-none-eabi/lib/thumb/v7e-m+fp/hard\libc_nano.a(libc_a-mlock.o)
                0x08006f3c                __malloc_lock
 .text.__malloc_unlock
                0x08006f48        0xc C:/ST/STM32CubeIDE_1.17.0/STM32CubeIDE/plugins/com.st.stm32cube.ide.mcu.externaltools.gnu-tools-for-stm32.12.3.rel1.win32_1.1.0.202410251130/tools/bin/../lib/gcc/arm-none-eabi/12.3.1/../../../../arm-none-eabi/lib/thumb/v7e-m+fp/hard\libc_nano.a(libc_a-mlock.o)
                0x08006f48                __malloc_unlock
 *(.glue_7)
 .glue_7        0x08006f54        0x0 linker stubs
 *(.glue_7t)
 .glue_7t       0x08006f54        0x0 linker stubs
 *(.eh_frame)
 .eh_frame      0x08006f54        0x0 C:/ST/STM32CubeIDE_1.17.0/STM32CubeIDE/plugins/com.st.stm32cube.ide.mcu.externaltools.gnu-tools-for-stm32.12.3.rel1.win32_1.1.0.202410251130/tools/bin/../lib/gcc/arm-none-eabi/12.3.1/thumb/v7e-m+fp/hard/crtbegin.o
 *(.init)
 .init          0x08006f54        0x4 C:/ST/STM32CubeIDE_1.17.0/STM32CubeIDE/plugins/com.st.stm32cube.ide.mcu.externaltools.gnu-tools-for-stm32.12.3.rel1.win32_1.1.0.202410251130/tools/bin/../lib/gcc/arm-none-eabi/12.3.1/thumb/v7e-m+fp/hard/crti.o
                0x08006f54                _init
 .init          0x08006f58        0x8 C:/ST/STM32CubeIDE_1.17.0/STM32CubeIDE/plugins/com.st.stm32cube.ide.mcu.externaltools.gnu-tools-for-stm32.12.3.rel1.win32_1.1.0.202410251130/tools/bin/../lib/gcc/arm-none-eabi/12.3.1/thumb/v7e-m+fp/hard/crtn.o
 *(.fini)
 .fini          0x08006f60        0x4 C:/ST/STM32CubeIDE_1.17.0/STM32CubeIDE/plugins/com.st.stm32cube.ide.mcu.externaltools.gnu-tools-for-stm32.12.3.rel1.win32_1.1.0.202410251130/tools/bin/../lib/gcc/arm-none-eabi/12.3.1/thumb/v7e-m+fp/hard/crti.o
                0x08006f60                _fini
 .fini          0x08006f64        0x8 C:/ST/STM32CubeIDE_1.17.0/STM32CubeIDE/plugins/com.st.stm32cube.ide.mcu.externaltools.gnu-tools-for-stm32.12.3.rel1.win32_1.1.0.202410251130/tools/bin/../lib/gcc/arm-none-eabi/12.3.1/thumb/v7e-m+fp/hard/crtn.o
                0x08006f6c                        . = ALIGN (0x4)
                0x08006f6c                        _etext = .

.vfp11_veneer   0x08006f6c        0x0
 .vfp11_veneer  0x08006f6c        0x0 linker stubs

.v4_bx          0x08006f6c        0x0
 .v4_bx         0x08006f6c        0x0 linker stubs

.iplt           0x08006f6c        0x0
 .iplt          0x08006f6c        0x0 C:/ST/STM32CubeIDE_1.17.0/STM32CubeIDE/plugins/com.st.stm32cube.ide.mcu.externaltools.gnu-tools-for-stm32.12.3.rel1.win32_1.1.0.202410251130/tools/bin/../lib/gcc/arm-none-eabi/12.3.1/thumb/v7e-m+fp/hard/crtbegin.o

.rodata         0x08006f6c      0x128
                0x08006f6c                        . = ALIGN (0x4)
 *(.rodata)
 .rodata        0x08006f6c       0xfe ./Core/Src/main.o
 *fill*         0x0800706a        0x2 
 .rodata        0x0800706c        0x5 ./Middlewares/FreeRTOS/tasks.o
 *(.rodata*)
 *fill*         0x08007071        0x3 
 .rodata.AHBPrescTable
                0x08007074       0x10 ./Core/Src/system_stm32f4xx.o
                0x08007074                AHBPrescTable
 .rodata.APBPrescTable
                0x08007084        0x8 ./Core/Src/system_stm32f4xx.o
                0x08007084                APBPrescTable
 .rodata.flagBitshiftOffset.0
                0x0800708c        0x8 ./Drivers/STM32F4xx_HAL_Driver/stm32f4xx_hal_dma.o
                0x08007094                        . = ALIGN (0x4)

.ARM.extab      0x08007094        0x0
                0x08007094                        . = ALIGN (0x4)
 *(.ARM.extab* .gnu.linkonce.armextab.*)
                0x08007094                        . = ALIGN (0x4)

.ARM            0x08007094        0x8
                0x08007094                        . = ALIGN (0x4)
                0x08007094                        __exidx_start = .
 *(.ARM.exidx*)
 .ARM.exidx     0x08007094        0x8 C:/ST/STM32CubeIDE_1.17.0/STM32CubeIDE/plugins/com.st.stm32cube.ide.mcu.externaltools.gnu-tools-for-stm32.12.3.rel1.win32_1.1.0.202410251130/tools/bin/../lib/gcc/arm-none-eabi/12.3.1/thumb/v7e-m+fp/hard\libgcc.a(_udivmoddi4.o)
                0x0800709c                        __exidx_end = .
                0x0800709c                        . = ALIGN (0x4)

.preinit_array  0x0800709c        0x0
                0x0800709c                        . = ALIGN (0x4)
                0x0800709c                        PROVIDE (__preinit_array_start = .)
 *(.preinit_array*)
                0x0800709c                        PROVIDE (__preinit_array_end = .)
                0x0800709c                        . = ALIGN (0x4)

.init_array     0x0800709c        0x4
                0x0800709c                        . = ALIGN (0x4)
                0x0800709c                        PROVIDE (__init_array_start = .)
 *(SORT_BY_NAME(.init_array.*))
 *(.init_array*)
 .init_array    0x0800709c        0x4 C:/ST/STM32CubeIDE_1.17.0/STM32CubeIDE/plugins/com.st.stm32cube.ide.mcu.externaltools.gnu-tools-for-stm32.12.3.rel1.win32_1.1.0.202410251130/tools/bin/../lib/gcc/arm-none-eabi/12.3.1/thumb/v7e-m+fp/hard/crtbegin.o
                0x080070a0                        PROVIDE (__init_array_end = .)
                0x080070a0                        . = ALIGN (0x4)

.fini_array     0x080070a0        0x4
                0x080070a0                        . = ALIGN (0x4)
                [!provide]                        PROVIDE (__fini_array_start = .)
 *(SORT_BY_NAME(.fini_array.*))
 *(.fini_array*)
 .fini_array    0x080070a0        0x4 C:/ST/STM32CubeIDE_1.17.0/STM32CubeIDE/plugins/com.st.stm32cube.ide.mcu.externaltools.gnu-tools-for-stm32.12.3.rel1.win32_1.1.0.202410251130/tools/bin/../lib/gcc/arm-none-eabi/12.3.1/thumb/v7e-m+fp/hard/crtbegin.o
                [!provide]                        PROVIDE (__fini_array_end = .)
                0x080070a4                        . = ALIGN (0x4)
                0x080070a4                        _sidata = LOADADDR (.data)

.rel.dyn        0x080070a4        0x0
 .rel.iplt      0x080070a4        0x0 C:/ST/STM32CubeIDE_1.17.0/STM32CubeIDE/plugins/com.st.stm32cube.ide.mcu.externaltools.gnu-tools-for-stm32.12.3.rel1.win32_1.1.0.202410251130/tools/bin/../lib/gcc/arm-none-eabi/12.3.1/thumb/v7e-m+fp/hard/crtbegin.o

.data           0x20000000       0x60 load address 0x080070a4
                0x20000000                        . = ALIGN (0x4)
                0x20000000                        _sdata = .
 *(.data)
 *(.data*)
 .data.SystemCoreClock
                0x20000000        0x4 ./Core/Src/system_stm32f4xx.o
                0x20000000                SystemCoreClock
 .data.uwTickPrio
                0x20000004        0x4 ./Drivers/STM32F4xx_HAL_Driver/stm32f4xx_hal.o
                0x20000004                uwTickPrio
 .data.uwTickFreq
                0x20000008        0x1 ./Drivers/STM32F4xx_HAL_Driver/stm32f4xx_hal.o
                0x20000008                uwTickFreq
 *fill*         0x20000009        0x3 
 .data.uxCriticalNesting
                0x2000000c        0x4 ./Middlewares/FreeRTOS/port.o
 .data._impure_ptr
                0x20000010        0x4 C:/ST/STM32CubeIDE_1.17.0/STM32CubeIDE/plugins/com.st.stm32cube.ide.mcu.externaltools.gnu-tools-for-stm32.12.3.rel1.win32_1.1.0.202410251130/tools/bin/../lib/gcc/arm-none-eabi/12.3.1/../../../../arm-none-eabi/lib/thumb/v7e-m+fp/hard\libc_nano.a(libc_a-impure.o)
                0x20000010                _impure_ptr
 .data._impure_data
                0x20000014       0x4c C:/ST/STM32CubeIDE_1.17.0/STM32CubeIDE/plugins/com.st.stm32cube.ide.mcu.externaltools.gnu-tools-for-stm32.12.3.rel1.win32_1.1.0.202410251130/tools/bin/../lib/gcc/arm-none-eabi/12.3.1/../../../../arm-none-eabi/lib/thumb/v7e-m+fp/hard\libc_nano.a(libc_a-impure.o)
                0x20000014                _impure_data
 *(.RamFunc)
 *(.RamFunc*)
                0x20000060                        . = ALIGN (0x4)
                0x20000060                        _edata = .

.igot.plt       0x20000060        0x0 load address 0x08007104
 .igot.plt      0x20000060        0x0 C:/ST/STM32CubeIDE_1.17.0/STM32CubeIDE/plugins/com.st.stm32cube.ide.mcu.externaltools.gnu-tools-for-stm32.12.3.rel1.win32_1.1.0.202410251130/tools/bin/../lib/gcc/arm-none-eabi/12.3.1/thumb/v7e-m+fp/hard/crtbegin.o
                0x20000060                        . = ALIGN (0x4)

.bss            0x20000060     0x43b0 load address 0x08007104
                0x20000060                        _sbss = .
                0x20000060                        __bss_start__ = _sbss
 *(.bss)
 .bss           0x20000060       0x1c C:/ST/STM32CubeIDE_1.17.0/STM32CubeIDE/plugins/com.st.stm32cube.ide.mcu.externaltools.gnu-tools-for-stm32.12.3.rel1.win32_1.1.0.202410251130/tools/bin/../lib/gcc/arm-none-eabi/12.3.1/thumb/v7e-m+fp/hard/crtbegin.o
 *(.bss*)
 .bss.xIdleTaskTCBBuffer
                0x2000007c       0xa0 ./Core/Src/freertos.o
 .bss.xIdleStack
                0x2000011c      0x200 ./Core/Src/freertos.o
 .bss.DS18B20_Temp
                0x2000031c        0x4 ./Core/Src/main.o
                0x2000031c                DS18B20_Temp
 .bss.receivedValue
                0x20000320        0x4 ./Core/Src/main.o
                0x20000320                receivedValue
 .bss.hi2c1     0x20000324       0x54 ./Core/Src/main.o
                0x20000324                hi2c1
 .bss.htim1     0x20000378       0x48 ./Core/Src/main.o
                0x20000378                htim1
 .bss.huart1    0x200003c0       0x48 ./Core/Src/main.o
                0x200003c0                huart1
 .bss.huart2    0x20000408       0x48 ./Core/Src/main.o
                0x20000408                huart2
 .bss.hdma_usart1_rx
                0x20000450       0x60 ./Core/Src/main.o
                0x20000450                hdma_usart1_rx
 .bss.hdma_usart1_tx
                0x200004b0       0x60 ./Core/Src/main.o
                0x200004b0                hdma_usart1_tx
 .bss.defaultTaskHandle
                0x20000510        0x4 ./Core/Src/main.o
                0x20000510                defaultTaskHandle
 .bss.TEMPHandle
                0x20000514        0x4 ./Core/Src/main.o
                0x20000514                TEMPHandle
 .bss.DISTHandle
                0x20000518        0x4 ./Core/Src/main.o
                0x20000518                DISTHandle
 .bss.COMMHandle
                0x2000051c        0x4 ./Core/Src/main.o
                0x2000051c                COMMHandle
 .bss.IC_Val1   0x20000520        0x4 ./Core/Src/main.o
                0x20000520                IC_Val1
 .bss.IC_Val2   0x20000524        0x4 ./Core/Src/main.o
                0x20000524                IC_Val2
 .bss.Difference
                0x20000528        0x4 ./Core/Src/main.o
                0x20000528                Difference
 .bss.Is_First_Captured
                0x2000052c        0x1 ./Core/Src/main.o
                0x2000052c                Is_First_Captured
 .bss.Distance  0x2000052d        0x1 ./Core/Src/main.o
                0x2000052d                Distance
 *fill*         0x2000052e        0x2 
 .bss.htim2     0x20000530       0x48 ./Core/Src/stm32f4xx_hal_timebase_tim.o
                0x20000530                htim2
 .bss.uwTick    0x20000578        0x4 ./Drivers/STM32F4xx_HAL_Driver/stm32f4xx_hal.o
                0x20000578                uwTick
 .bss.ucHeap    0x2000057c     0x3c00 ./Middlewares/FreeRTOS/heap_4.o
 .bss.xStart    0x2000417c        0x8 ./Middlewares/FreeRTOS/heap_4.o
 .bss.pxEnd     0x20004184        0x4 ./Middlewares/FreeRTOS/heap_4.o
 .bss.xFreeBytesRemaining
                0x20004188        0x4 ./Middlewares/FreeRTOS/heap_4.o
 .bss.xMinimumEverFreeBytesRemaining
                0x2000418c        0x4 ./Middlewares/FreeRTOS/heap_4.o
 .bss.xNumberOfSuccessfulAllocations
                0x20004190        0x4 ./Middlewares/FreeRTOS/heap_4.o
 .bss.xNumberOfSuccessfulFrees
                0x20004194        0x4 ./Middlewares/FreeRTOS/heap_4.o
 .bss.xBlockAllocatedBit
                0x20004198        0x4 ./Middlewares/FreeRTOS/heap_4.o
 .bss.ucMaxSysCallPriority
                0x2000419c        0x1 ./Middlewares/FreeRTOS/port.o
 *fill*         0x2000419d        0x3 
 .bss.ulMaxPRIGROUPValue
                0x200041a0        0x4 ./Middlewares/FreeRTOS/port.o
 .bss.pxCurrentTCB
                0x200041a4        0x4 ./Middlewares/FreeRTOS/tasks.o
                0x200041a4                pxCurrentTCB
 .bss.pxReadyTasksLists
                0x200041a8       0x8c ./Middlewares/FreeRTOS/tasks.o
 .bss.xDelayedTaskList1
                0x20004234       0x14 ./Middlewares/FreeRTOS/tasks.o
 .bss.xDelayedTaskList2
                0x20004248       0x14 ./Middlewares/FreeRTOS/tasks.o
 .bss.pxDelayedTaskList
                0x2000425c        0x4 ./Middlewares/FreeRTOS/tasks.o
 .bss.pxOverflowDelayedTaskList
                0x20004260        0x4 ./Middlewares/FreeRTOS/tasks.o
 .bss.xPendingReadyList
                0x20004264       0x14 ./Middlewares/FreeRTOS/tasks.o
 .bss.xTasksWaitingTermination
                0x20004278       0x14 ./Middlewares/FreeRTOS/tasks.o
 .bss.uxDeletedTasksWaitingCleanUp
                0x2000428c        0x4 ./Middlewares/FreeRTOS/tasks.o
 .bss.xSuspendedTaskList
                0x20004290       0x14 ./Middlewares/FreeRTOS/tasks.o
 .bss.uxCurrentNumberOfTasks
                0x200042a4        0x4 ./Middlewares/FreeRTOS/tasks.o
 .bss.xTickCount
                0x200042a8        0x4 ./Middlewares/FreeRTOS/tasks.o
 .bss.uxTopReadyPriority
                0x200042ac        0x4 ./Middlewares/FreeRTOS/tasks.o
 .bss.xSchedulerRunning
                0x200042b0        0x4 ./Middlewares/FreeRTOS/tasks.o
 .bss.xPendedTicks
                0x200042b4        0x4 ./Middlewares/FreeRTOS/tasks.o
 .bss.xYieldPending
                0x200042b8        0x4 ./Middlewares/FreeRTOS/tasks.o
 .bss.xNumOfOverflows
                0x200042bc        0x4 ./Middlewares/FreeRTOS/tasks.o
 .bss.uxTaskNumber
                0x200042c0        0x4 ./Middlewares/FreeRTOS/tasks.o
 .bss.xNextTaskUnblockTime
                0x200042c4        0x4 ./Middlewares/FreeRTOS/tasks.o
 .bss.xIdleTaskHandle
                0x200042c8        0x4 ./Middlewares/FreeRTOS/tasks.o
 .bss.uxSchedulerSuspended
                0x200042cc        0x4 ./Middlewares/FreeRTOS/tasks.o
 .bss.__sf      0x200042d0      0x138 C:/ST/STM32CubeIDE_1.17.0/STM32CubeIDE/plugins/com.st.stm32cube.ide.mcu.externaltools.gnu-tools-for-stm32.12.3.rel1.win32_1.1.0.202410251130/tools/bin/../lib/gcc/arm-none-eabi/12.3.1/../../../../arm-none-eabi/lib/thumb/v7e-m+fp/hard\libc_nano.a(libc_a-findfp.o)
                0x200042d0                __sf
 .bss.__lock___malloc_recursive_mutex
                0x20004408        0x1 C:/ST/STM32CubeIDE_1.17.0/STM32CubeIDE/plugins/com.st.stm32cube.ide.mcu.externaltools.gnu-tools-for-stm32.12.3.rel1.win32_1.1.0.202410251130/tools/bin/../lib/gcc/arm-none-eabi/12.3.1/../../../../arm-none-eabi/lib/thumb/v7e-m+fp/hard\libc_nano.a(libc_a-lock.o)
                0x20004408                __lock___malloc_recursive_mutex
 *fill*         0x20004409        0x3 
 .bss.__malloc_free_list
                0x2000440c        0x4 C:/ST/STM32CubeIDE_1.17.0/STM32CubeIDE/plugins/com.st.stm32cube.ide.mcu.externaltools.gnu-tools-for-stm32.12.3.rel1.win32_1.1.0.202410251130/tools/bin/../lib/gcc/arm-none-eabi/12.3.1/../../../../arm-none-eabi/lib/thumb/v7e-m+fp/hard\libc_nano.a(libc_a-mallocr.o)
                0x2000440c                __malloc_free_list
 *(COMMON)
                0x20004410                        . = ALIGN (0x4)
                0x20004410                        _ebss = .
                0x20004410                        __bss_end__ = _ebss

._user_heap_stack
                0x20004410      0x600 load address 0x08007104
                0x20004410                        . = ALIGN (0x8)
                [!provide]                        PROVIDE (end = .)
                0x20004410                        PROVIDE (_end = .)
                0x20004610                        . = (. + _Min_Heap_Size)
 *fill*         0x20004410      0x200 
                0x20004a10                        . = (. + _Min_Stack_Size)
 *fill*         0x20004610      0x400 
                0x20004a10                        . = ALIGN (0x8)

/DISCARD/
 libc.a(*)
 libm.a(*)
 libgcc.a(*)

.ARM.attributes
                0x00000000       0x30
 *(.ARM.attributes)
 .ARM.attributes
                0x00000000       0x22 C:/ST/STM32CubeIDE_1.17.0/STM32CubeIDE/plugins/com.st.stm32cube.ide.mcu.externaltools.gnu-tools-for-stm32.12.3.rel1.win32_1.1.0.202410251130/tools/bin/../lib/gcc/arm-none-eabi/12.3.1/thumb/v7e-m+fp/hard/crti.o
 .ARM.attributes
                0x00000022       0x34 C:/ST/STM32CubeIDE_1.17.0/STM32CubeIDE/plugins/com.st.stm32cube.ide.mcu.externaltools.gnu-tools-for-stm32.12.3.rel1.win32_1.1.0.202410251130/tools/bin/../lib/gcc/arm-none-eabi/12.3.1/thumb/v7e-m+fp/hard/crtbegin.o
 .ARM.attributes
                0x00000056       0x34 ./Core/Src/freertos.o
 .ARM.attributes
                0x0000008a       0x34 ./Core/Src/main.o
 .ARM.attributes
                0x000000be       0x34 ./Core/Src/stm32f4xx_hal_msp.o
 .ARM.attributes
                0x000000f2       0x34 ./Core/Src/stm32f4xx_hal_timebase_tim.o
 .ARM.attributes
                0x00000126       0x34 ./Core/Src/stm32f4xx_it.o
 .ARM.attributes
                0x0000015a       0x34 ./Core/Src/system_stm32f4xx.o
 .ARM.attributes
                0x0000018e       0x21 ./Core/Startup/startup_stm32f401rctx.o
 .ARM.attributes
                0x000001af       0x34 ./Drivers/STM32F4xx_HAL_Driver/stm32f4xx_hal.o
 .ARM.attributes
                0x000001e3       0x34 ./Drivers/STM32F4xx_HAL_Driver/stm32f4xx_hal_cortex.o
 .ARM.attributes
                0x00000217       0x34 ./Drivers/STM32F4xx_HAL_Driver/stm32f4xx_hal_dma.o
 .ARM.attributes
                0x0000024b       0x34 ./Drivers/STM32F4xx_HAL_Driver/stm32f4xx_hal_gpio.o
 .ARM.attributes
                0x0000027f       0x34 ./Drivers/STM32F4xx_HAL_Driver/stm32f4xx_hal_i2c.o
 .ARM.attributes
                0x000002b3       0x34 ./Drivers/STM32F4xx_HAL_Driver/stm32f4xx_hal_rcc.o
 .ARM.attributes
                0x000002e7       0x34 ./Drivers/STM32F4xx_HAL_Driver/stm32f4xx_hal_tim.o
 .ARM.attributes
                0x0000031b       0x34 ./Drivers/STM32F4xx_HAL_Driver/stm32f4xx_hal_tim_ex.o
 .ARM.attributes
                0x0000034f       0x34 ./Drivers/STM32F4xx_HAL_Driver/stm32f4xx_hal_uart.o
 .ARM.attributes
                0x00000383       0x34 ./Middlewares/FreeRTOS/cmsis_os.o
 .ARM.attributes
                0x000003b7       0x34 ./Middlewares/FreeRTOS/heap_4.o
 .ARM.attributes
                0x000003eb       0x34 ./Middlewares/FreeRTOS/list.o
 .ARM.attributes
                0x0000041f       0x34 ./Middlewares/FreeRTOS/port.o
 .ARM.attributes
                0x00000453       0x34 ./Middlewares/FreeRTOS/tasks.o
 .ARM.attributes
                0x00000487       0x34 C:/ST/STM32CubeIDE_1.17.0/STM32CubeIDE/plugins/com.st.stm32cube.ide.mcu.externaltools.gnu-tools-for-stm32.12.3.rel1.win32_1.1.0.202410251130/tools/bin/../lib/gcc/arm-none-eabi/12.3.1/../../../../arm-none-eabi/lib/thumb/v7e-m+fp/hard\libc_nano.a(libc_a-findfp.o)
 .ARM.attributes
                0x000004bb       0x34 C:/ST/STM32CubeIDE_1.17.0/STM32CubeIDE/plugins/com.st.stm32cube.ide.mcu.externaltools.gnu-tools-for-stm32.12.3.rel1.win32_1.1.0.202410251130/tools/bin/../lib/gcc/arm-none-eabi/12.3.1/../../../../arm-none-eabi/lib/thumb/v7e-m+fp/hard\libc_nano.a(libc_a-memset.o)
 .ARM.attributes
                0x000004ef       0x34 C:/ST/STM32CubeIDE_1.17.0/STM32CubeIDE/plugins/com.st.stm32cube.ide.mcu.externaltools.gnu-tools-for-stm32.12.3.rel1.win32_1.1.0.202410251130/tools/bin/../lib/gcc/arm-none-eabi/12.3.1/../../../../arm-none-eabi/lib/thumb/v7e-m+fp/hard\libc_nano.a(libc_a-reent.o)
 .ARM.attributes
                0x00000523       0x34 C:/ST/STM32CubeIDE_1.17.0/STM32CubeIDE/plugins/com.st.stm32cube.ide.mcu.externaltools.gnu-tools-for-stm32.12.3.rel1.win32_1.1.0.202410251130/tools/bin/../lib/gcc/arm-none-eabi/12.3.1/../../../../arm-none-eabi/lib/thumb/v7e-m+fp/hard\libc_nano.a(libc_a-impure.o)
 .ARM.attributes
                0x00000557       0x34 C:/ST/STM32CubeIDE_1.17.0/STM32CubeIDE/plugins/com.st.stm32cube.ide.mcu.externaltools.gnu-tools-for-stm32.12.3.rel1.win32_1.1.0.202410251130/tools/bin/../lib/gcc/arm-none-eabi/12.3.1/../../../../arm-none-eabi/lib/thumb/v7e-m+fp/hard\libc_nano.a(libc_a-init.o)
 .ARM.attributes
                0x0000058b       0x34 C:/ST/STM32CubeIDE_1.17.0/STM32CubeIDE/plugins/com.st.stm32cube.ide.mcu.externaltools.gnu-tools-for-stm32.12.3.rel1.win32_1.1.0.202410251130/tools/bin/../lib/gcc/arm-none-eabi/12.3.1/../../../../arm-none-eabi/lib/thumb/v7e-m+fp/hard\libc_nano.a(libc_a-lock.o)
 .ARM.attributes
                0x000005bf       0x34 C:/ST/STM32CubeIDE_1.17.0/STM32CubeIDE/plugins/com.st.stm32cube.ide.mcu.externaltools.gnu-tools-for-stm32.12.3.rel1.win32_1.1.0.202410251130/tools/bin/../lib/gcc/arm-none-eabi/12.3.1/../../../../arm-none-eabi/lib/thumb/v7e-m+fp/hard\libc_nano.a(libc_a-freer.o)
 .ARM.attributes
                0x000005f3       0x34 C:/ST/STM32CubeIDE_1.17.0/STM32CubeIDE/plugins/com.st.stm32cube.ide.mcu.externaltools.gnu-tools-for-stm32.12.3.rel1.win32_1.1.0.202410251130/tools/bin/../lib/gcc/arm-none-eabi/12.3.1/../../../../arm-none-eabi/lib/thumb/v7e-m+fp/hard\libc_nano.a(libc_a-mallocr.o)
 .ARM.attributes
                0x00000627       0x34 C:/ST/STM32CubeIDE_1.17.0/STM32CubeIDE/plugins/com.st.stm32cube.ide.mcu.externaltools.gnu-tools-for-stm32.12.3.rel1.win32_1.1.0.202410251130/tools/bin/../lib/gcc/arm-none-eabi/12.3.1/../../../../arm-none-eabi/lib/thumb/v7e-m+fp/hard\libc_nano.a(libc_a-mlock.o)
 .ARM.attributes
                0x0000065b       0x22 C:/ST/STM32CubeIDE_1.17.0/STM32CubeIDE/plugins/com.st.stm32cube.ide.mcu.externaltools.gnu-tools-for-stm32.12.3.rel1.win32_1.1.0.202410251130/tools/bin/../lib/gcc/arm-none-eabi/12.3.1/thumb/v7e-m+fp/hard\libgcc.a(_arm_addsubdf3.o)
 .ARM.attributes
                0x0000067d       0x22 C:/ST/STM32CubeIDE_1.17.0/STM32CubeIDE/plugins/com.st.stm32cube.ide.mcu.externaltools.gnu-tools-for-stm32.12.3.rel1.win32_1.1.0.202410251130/tools/bin/../lib/gcc/arm-none-eabi/12.3.1/thumb/v7e-m+fp/hard\libgcc.a(_arm_muldivdf3.o)
 .ARM.attributes
                0x0000069f       0x22 C:/ST/STM32CubeIDE_1.17.0/STM32CubeIDE/plugins/com.st.stm32cube.ide.mcu.externaltools.gnu-tools-for-stm32.12.3.rel1.win32_1.1.0.202410251130/tools/bin/../lib/gcc/arm-none-eabi/12.3.1/thumb/v7e-m+fp/hard\libgcc.a(_arm_fixunsdfsi.o)
 .ARM.attributes
                0x000006c1       0x22 C:/ST/STM32CubeIDE_1.17.0/STM32CubeIDE/plugins/com.st.stm32cube.ide.mcu.externaltools.gnu-tools-for-stm32.12.3.rel1.win32_1.1.0.202410251130/tools/bin/../lib/gcc/arm-none-eabi/12.3.1/thumb/v7e-m+fp/hard\libgcc.a(_aeabi_uldivmod.o)
 .ARM.attributes
                0x000006e3       0x34 C:/ST/STM32CubeIDE_1.17.0/STM32CubeIDE/plugins/com.st.stm32cube.ide.mcu.externaltools.gnu-tools-for-stm32.12.3.rel1.win32_1.1.0.202410251130/tools/bin/../lib/gcc/arm-none-eabi/12.3.1/thumb/v7e-m+fp/hard\libgcc.a(_udivmoddi4.o)
 .ARM.attributes
                0x00000717       0x22 C:/ST/STM32CubeIDE_1.17.0/STM32CubeIDE/plugins/com.st.stm32cube.ide.mcu.externaltools.gnu-tools-for-stm32.12.3.rel1.win32_1.1.0.202410251130/tools/bin/../lib/gcc/arm-none-eabi/12.3.1/thumb/v7e-m+fp/hard\libgcc.a(_dvmd_tls.o)
 .ARM.attributes
                0x00000739       0x22 C:/ST/STM32CubeIDE_1.17.0/STM32CubeIDE/plugins/com.st.stm32cube.ide.mcu.externaltools.gnu-tools-for-stm32.12.3.rel1.win32_1.1.0.202410251130/tools/bin/../lib/gcc/arm-none-eabi/12.3.1/thumb/v7e-m+fp/hard/crtn.o
OUTPUT(src.elf elf32-littlearm)
LOAD linker stubs
LOAD C:/ST/STM32CubeIDE_1.17.0/STM32CubeIDE/plugins/com.st.stm32cube.ide.mcu.externaltools.gnu-tools-for-stm32.12.3.rel1.win32_1.1.0.202410251130/tools/bin/../lib/gcc/arm-none-eabi/12.3.1/../../../../arm-none-eabi/lib/thumb/v7e-m+fp/hard\libc.a
LOAD C:/ST/STM32CubeIDE_1.17.0/STM32CubeIDE/plugins/com.st.stm32cube.ide.mcu.externaltools.gnu-tools-for-stm32.12.3.rel1.win32_1.1.0.202410251130/tools/bin/../lib/gcc/arm-none-eabi/12.3.1/../../../../arm-none-eabi/lib/thumb/v7e-m+fp/hard\libm.a
LOAD C:/ST/STM32CubeIDE_1.17.0/STM32CubeIDE/plugins/com.st.stm32cube.ide.mcu.externaltools.gnu-tools-for-stm32.12.3.rel1.win32_1.1.0.202410251130/tools/bin/../lib/gcc/arm-none-eabi/12.3.1/thumb/v7e-m+fp/hard\libgcc.a

.debug_info     0x00000000    0x16dac
 .debug_info    0x00000000      0x919 ./Core/Src/freertos.o
 .debug_info    0x00000919     0x24e9 ./Core/Src/main.o
 .debug_info    0x00002e02     0x12c4 ./Core/Src/stm32f4xx_hal_msp.o
 .debug_info    0x000040c6      0xb7d ./Core/Src/stm32f4xx_hal_timebase_tim.o
 .debug_info    0x00004c43      0x9b2 ./Core/Src/stm32f4xx_it.o
 .debug_info    0x000055f5      0x53e ./Core/Src/system_stm32f4xx.o
 .debug_info    0x00005b33       0x30 ./Core/Startup/startup_stm32f401rctx.o
 .debug_info    0x00005b63      0x8bb ./Drivers/STM32F4xx_HAL_Driver/stm32f4xx_hal.o
 .debug_info    0x0000641e      0xcf6 ./Drivers/STM32F4xx_HAL_Driver/stm32f4xx_hal_cortex.o
 .debug_info    0x00007114      0x8e6 ./Drivers/STM32F4xx_HAL_Driver/stm32f4xx_hal_dma.o
 .debug_info    0x000079fa      0x6f9 ./Drivers/STM32F4xx_HAL_Driver/stm32f4xx_hal_gpio.o
 .debug_info    0x000080f3     0x2426 ./Drivers/STM32F4xx_HAL_Driver/stm32f4xx_hal_i2c.o
 .debug_info    0x0000a519      0x8f1 ./Drivers/STM32F4xx_HAL_Driver/stm32f4xx_hal_rcc.o
 .debug_info    0x0000ae0a     0x2996 ./Drivers/STM32F4xx_HAL_Driver/stm32f4xx_hal_tim.o
 .debug_info    0x0000d7a0     0x14d4 ./Drivers/STM32F4xx_HAL_Driver/stm32f4xx_hal_tim_ex.o
 .debug_info    0x0000ec74     0x2f56 ./Drivers/STM32F4xx_HAL_Driver/stm32f4xx_hal_uart.o
 .debug_info    0x00011bca     0x21e2 ./Middlewares/FreeRTOS/cmsis_os.o
 .debug_info    0x00013dac      0x4d5 ./Middlewares/FreeRTOS/heap_4.o
 .debug_info    0x00014281      0x2af ./Middlewares/FreeRTOS/list.o
 .debug_info    0x00014530      0x4de ./Middlewares/FreeRTOS/port.o
 .debug_info    0x00014a0e     0x239e ./Middlewares/FreeRTOS/tasks.o

.debug_abbrev   0x00000000     0x30f9
 .debug_abbrev  0x00000000      0x16f ./Core/Src/freertos.o
 .debug_abbrev  0x0000016f      0x3de ./Core/Src/main.o
 .debug_abbrev  0x0000054d      0x25e ./Core/Src/stm32f4xx_hal_msp.o
 .debug_abbrev  0x000007ab      0x207 ./Core/Src/stm32f4xx_hal_timebase_tim.o
 .debug_abbrev  0x000009b2      0x19b ./Core/Src/stm32f4xx_it.o
 .debug_abbrev  0x00000b4d      0x11a ./Core/Src/system_stm32f4xx.o
 .debug_abbrev  0x00000c67       0x24 ./Core/Startup/startup_stm32f401rctx.o
 .debug_abbrev  0x00000c8b      0x24b ./Drivers/STM32F4xx_HAL_Driver/stm32f4xx_hal.o
 .debug_abbrev  0x00000ed6      0x31d ./Drivers/STM32F4xx_HAL_Driver/stm32f4xx_hal_cortex.o
 .debug_abbrev  0x000011f3      0x221 ./Drivers/STM32F4xx_HAL_Driver/stm32f4xx_hal_dma.o
 .debug_abbrev  0x00001414      0x1d3 ./Drivers/STM32F4xx_HAL_Driver/stm32f4xx_hal_gpio.o
 .debug_abbrev  0x000015e7      0x2bc ./Drivers/STM32F4xx_HAL_Driver/stm32f4xx_hal_i2c.o
 .debug_abbrev  0x000018a3      0x2b6 ./Drivers/STM32F4xx_HAL_Driver/stm32f4xx_hal_rcc.o
 .debug_abbrev  0x00001b59      0x28b ./Drivers/STM32F4xx_HAL_Driver/stm32f4xx_hal_tim.o
 .debug_abbrev  0x00001de4      0x296 ./Drivers/STM32F4xx_HAL_Driver/stm32f4xx_hal_tim_ex.o
 .debug_abbrev  0x0000207a      0x31b ./Drivers/STM32F4xx_HAL_Driver/stm32f4xx_hal_uart.o
 .debug_abbrev  0x00002395      0x426 ./Middlewares/FreeRTOS/cmsis_os.o
 .debug_abbrev  0x000027bb      0x21d ./Middlewares/FreeRTOS/heap_4.o
 .debug_abbrev  0x000029d8       0xf5 ./Middlewares/FreeRTOS/list.o
 .debug_abbrev  0x00002acd      0x25c ./Middlewares/FreeRTOS/port.o
 .debug_abbrev  0x00002d29      0x3d0 ./Middlewares/FreeRTOS/tasks.o

.debug_aranges  0x00000000     0x1458
 .debug_aranges
                0x00000000       0x20 ./Core/Src/freertos.o
 .debug_aranges
                0x00000020       0xd8 ./Core/Src/main.o
 .debug_aranges
                0x000000f8       0x50 ./Core/Src/stm32f4xx_hal_msp.o
 .debug_aranges
                0x00000148       0x30 ./Core/Src/stm32f4xx_hal_timebase_tim.o
 .debug_aranges
                0x00000178       0x70 ./Core/Src/stm32f4xx_it.o
 .debug_aranges
                0x000001e8       0x28 ./Core/Src/system_stm32f4xx.o
 .debug_aranges
                0x00000210       0x28 ./Core/Startup/startup_stm32f401rctx.o
 .debug_aranges
                0x00000238       0xf0 ./Drivers/STM32F4xx_HAL_Driver/stm32f4xx_hal.o
 .debug_aranges
                0x00000328      0x130 ./Drivers/STM32F4xx_HAL_Driver/stm32f4xx_hal_cortex.o
 .debug_aranges
                0x00000458       0x90 ./Drivers/STM32F4xx_HAL_Driver/stm32f4xx_hal_dma.o
 .debug_aranges
                0x000004e8       0x58 ./Drivers/STM32F4xx_HAL_Driver/stm32f4xx_hal_gpio.o
 .debug_aranges
                0x00000540      0x2a8 ./Drivers/STM32F4xx_HAL_Driver/stm32f4xx_hal_i2c.o
 .debug_aranges
                0x000007e8       0x88 ./Drivers/STM32F4xx_HAL_Driver/stm32f4xx_hal_rcc.o
 .debug_aranges
                0x00000870      0x3d0 ./Drivers/STM32F4xx_HAL_Driver/stm32f4xx_hal_tim.o
 .debug_aranges
                0x00000c40      0x168 ./Drivers/STM32F4xx_HAL_Driver/stm32f4xx_hal_tim_ex.o
 .debug_aranges
                0x00000da8      0x208 ./Drivers/STM32F4xx_HAL_Driver/stm32f4xx_hal_uart.o
 .debug_aranges
                0x00000fb0      0x1d8 ./Middlewares/FreeRTOS/cmsis_os.o
 .debug_aranges
                0x00001188       0x58 ./Middlewares/FreeRTOS/heap_4.o
 .debug_aranges
                0x000011e0       0x40 ./Middlewares/FreeRTOS/list.o
 .debug_aranges
                0x00001220       0x80 ./Middlewares/FreeRTOS/port.o
 .debug_aranges
                0x000012a0      0x1b8 ./Middlewares/FreeRTOS/tasks.o

.debug_rnglists
                0x00000000     0x1001
 .debug_rnglists
                0x00000000       0x13 ./Core/Src/freertos.o
 .debug_rnglists
                0x00000013       0xa4 ./Core/Src/main.o
 .debug_rnglists
                0x000000b7       0x3a ./Core/Src/stm32f4xx_hal_msp.o
 .debug_rnglists
                0x000000f1       0x20 ./Core/Src/stm32f4xx_hal_timebase_tim.o
 .debug_rnglists
                0x00000111       0x4f ./Core/Src/stm32f4xx_it.o
 .debug_rnglists
                0x00000160       0x1a ./Core/Src/system_stm32f4xx.o
 .debug_rnglists
                0x0000017a       0x19 ./Core/Startup/startup_stm32f401rctx.o
 .debug_rnglists
                0x00000193       0xaf ./Drivers/STM32F4xx_HAL_Driver/stm32f4xx_hal.o
 .debug_rnglists
                0x00000242       0xe0 ./Drivers/STM32F4xx_HAL_Driver/stm32f4xx_hal_cortex.o
 .debug_rnglists
                0x00000322       0x70 ./Drivers/STM32F4xx_HAL_Driver/stm32f4xx_hal_dma.o
 .debug_rnglists
                0x00000392       0x3f ./Drivers/STM32F4xx_HAL_Driver/stm32f4xx_hal_gpio.o
 .debug_rnglists
                0x000003d1      0x23c ./Drivers/STM32F4xx_HAL_Driver/stm32f4xx_hal_i2c.o
 .debug_rnglists
                0x0000060d       0x66 ./Drivers/STM32F4xx_HAL_Driver/stm32f4xx_hal_rcc.o
 .debug_rnglists
                0x00000673      0x31a ./Drivers/STM32F4xx_HAL_Driver/stm32f4xx_hal_tim.o
 .debug_rnglists
                0x0000098d      0x125 ./Drivers/STM32F4xx_HAL_Driver/stm32f4xx_hal_tim_ex.o
 .debug_rnglists
                0x00000ab2      0x1bc ./Drivers/STM32F4xx_HAL_Driver/stm32f4xx_hal_uart.o
 .debug_rnglists
                0x00000c6e      0x16a ./Middlewares/FreeRTOS/cmsis_os.o
 .debug_rnglists
                0x00000dd8       0x42 ./Middlewares/FreeRTOS/heap_4.o
 .debug_rnglists
                0x00000e1a       0x2b ./Middlewares/FreeRTOS/list.o
 .debug_rnglists
                0x00000e45       0x5d ./Middlewares/FreeRTOS/port.o
 .debug_rnglists
                0x00000ea2      0x15f ./Middlewares/FreeRTOS/tasks.o

.debug_macro    0x00000000    0x1813e
 .debug_macro   0x00000000      0x2f6 ./Core/Src/freertos.o
 .debug_macro   0x000002f6      0xab4 ./Core/Src/freertos.o
 .debug_macro   0x00000daa      0x189 ./Core/Src/freertos.o
 .debug_macro   0x00000f33       0x22 ./Core/Src/freertos.o
 .debug_macro   0x00000f55       0x8e ./Core/Src/freertos.o
 .debug_macro   0x00000fe3       0x51 ./Core/Src/freertos.o
 .debug_macro   0x00001034      0x103 ./Core/Src/freertos.o
 .debug_macro   0x00001137       0x6a ./Core/Src/freertos.o
 .debug_macro   0x000011a1      0x1df ./Core/Src/freertos.o
 .debug_macro   0x00001380       0xf1 ./Core/Src/freertos.o
 .debug_macro   0x00001471      0x15a ./Core/Src/freertos.o
 .debug_macro   0x000015cb       0xde ./Core/Src/freertos.o
 .debug_macro   0x000016a9       0x1c ./Core/Src/freertos.o
 .debug_macro   0x000016c5       0x26 ./Core/Src/freertos.o
 .debug_macro   0x000016eb       0x61 ./Core/Src/freertos.o
 .debug_macro   0x0000174c       0x2a ./Core/Src/freertos.o
 .debug_macro   0x00001776       0x43 ./Core/Src/freertos.o
 .debug_macro   0x000017b9       0x34 ./Core/Src/freertos.o
 .debug_macro   0x000017ed       0x16 ./Core/Src/freertos.o
 .debug_macro   0x00001803       0x43 ./Core/Src/freertos.o
 .debug_macro   0x00001846       0x34 ./Core/Src/freertos.o
 .debug_macro   0x0000187a       0x10 ./Core/Src/freertos.o
 .debug_macro   0x0000188a       0x58 ./Core/Src/freertos.o
 .debug_macro   0x000018e2       0x8e ./Core/Src/freertos.o
 .debug_macro   0x00001970       0x1c ./Core/Src/freertos.o
 .debug_macro   0x0000198c      0x177 ./Core/Src/freertos.o
 .debug_macro   0x00001b03       0x10 ./Core/Src/freertos.o
 .debug_macro   0x00001b13       0x35 ./Core/Src/freertos.o
 .debug_macro   0x00001b48      0x4fe ./Core/Src/freertos.o
 .debug_macro   0x00002046       0xb5 ./Core/Src/freertos.o
 .debug_macro   0x000020fb       0xaa ./Core/Src/freertos.o
 .debug_macro   0x000021a5      0x2a1 ./Core/Src/freertos.o
 .debug_macro   0x00002446       0x2e ./Core/Src/freertos.o
 .debug_macro   0x00002474       0x28 ./Core/Src/freertos.o
 .debug_macro   0x0000249c       0x1c ./Core/Src/freertos.o
 .debug_macro   0x000024b8       0x22 ./Core/Src/freertos.o
 .debug_macro   0x000024da       0xfb ./Core/Src/freertos.o
 .debug_macro   0x000025d5     0x1011 ./Core/Src/freertos.o
 .debug_macro   0x000035e6      0x11f ./Core/Src/freertos.o
 .debug_macro   0x00003705     0xb86c ./Core/Src/freertos.o
 .debug_macro   0x0000ef71       0x6d ./Core/Src/freertos.o
 .debug_macro   0x0000efde     0x369a ./Core/Src/freertos.o
 .debug_macro   0x00012678       0x5c ./Core/Src/freertos.o
 .debug_macro   0x000126d4      0x416 ./Core/Src/freertos.o
 .debug_macro   0x00012aea      0x9e9 ./Core/Src/freertos.o
 .debug_macro   0x000134d3      0x115 ./Core/Src/freertos.o
 .debug_macro   0x000135e8       0xf8 ./Core/Src/freertos.o
 .debug_macro   0x000136e0       0xa5 ./Core/Src/freertos.o
 .debug_macro   0x00013785      0x15f ./Core/Src/freertos.o
 .debug_macro   0x000138e4      0x287 ./Core/Src/freertos.o
 .debug_macro   0x00013b6b       0x5f ./Core/Src/freertos.o
 .debug_macro   0x00013bca      0x236 ./Core/Src/freertos.o
 .debug_macro   0x00013e00      0x132 ./Core/Src/freertos.o
 .debug_macro   0x00013f32      0x23a ./Core/Src/freertos.o
 .debug_macro   0x0001416c       0x2e ./Core/Src/freertos.o
 .debug_macro   0x0001419a      0x1b5 ./Core/Src/freertos.o
 .debug_macro   0x0001434f       0x22 ./Core/Src/freertos.o
 .debug_macro   0x00014371       0xd6 ./Core/Src/freertos.o
 .debug_macro   0x00014447      0x127 ./Core/Src/freertos.o
 .debug_macro   0x0001456e       0x85 ./Core/Src/freertos.o
 .debug_macro   0x000145f3       0x89 ./Core/Src/freertos.o
 .debug_macro   0x0001467c      0x8ed ./Core/Src/freertos.o
 .debug_macro   0x00014f69       0x47 ./Core/Src/freertos.o
 .debug_macro   0x00014fb0      0x2aa ./Core/Src/freertos.o
 .debug_macro   0x0001525a      0x126 ./Core/Src/freertos.o
 .debug_macro   0x00015380      0x35a ./Core/Src/main.o
 .debug_macro   0x000156da       0xf1 ./Core/Src/main.o
 .debug_macro   0x000157cb       0x91 ./Core/Src/main.o
 .debug_macro   0x0001585c       0x8d ./Core/Src/main.o
 .debug_macro   0x000158e9       0x7e ./Core/Src/main.o
 .debug_macro   0x00015967       0x19 ./Core/Src/main.o
 .debug_macro   0x00015980       0xf2 ./Core/Src/main.o
 .debug_macro   0x00015a72      0x1ad ./Core/Src/main.o
 .debug_macro   0x00015c1f      0x1f1 ./Core/Src/stm32f4xx_hal_msp.o
 .debug_macro   0x00015e10      0x1e7 ./Core/Src/stm32f4xx_hal_timebase_tim.o
 .debug_macro   0x00015ff7      0x1fb ./Core/Src/stm32f4xx_it.o
 .debug_macro   0x000161f2      0x1e7 ./Core/Src/system_stm32f4xx.o
 .debug_macro   0x000163d9      0x247 ./Drivers/STM32F4xx_HAL_Driver/stm32f4xx_hal.o
 .debug_macro   0x00016620      0x1e7 ./Drivers/STM32F4xx_HAL_Driver/stm32f4xx_hal_cortex.o
 .debug_macro   0x00016807      0x1ed ./Drivers/STM32F4xx_HAL_Driver/stm32f4xx_hal_dma.o
 .debug_macro   0x000169f4      0x1ed ./Drivers/STM32F4xx_HAL_Driver/stm32f4xx_hal_gpio.o
 .debug_macro   0x00016be1      0x235 ./Drivers/STM32F4xx_HAL_Driver/stm32f4xx_hal_i2c.o
 .debug_macro   0x00016e16      0x20b ./Drivers/STM32F4xx_HAL_Driver/stm32f4xx_hal_rcc.o
 .debug_macro   0x00017021      0x1e8 ./Drivers/STM32F4xx_HAL_Driver/stm32f4xx_hal_tim.o
 .debug_macro   0x00017209      0x1e7 ./Drivers/STM32F4xx_HAL_Driver/stm32f4xx_hal_tim_ex.o
 .debug_macro   0x000173f0      0x1e8 ./Drivers/STM32F4xx_HAL_Driver/stm32f4xx_hal_uart.o
 .debug_macro   0x000175d8      0x210 ./Middlewares/FreeRTOS/cmsis_os.o
 .debug_macro   0x000177e8       0x10 ./Middlewares/FreeRTOS/cmsis_os.o
 .debug_macro   0x000177f8       0x20 ./Middlewares/FreeRTOS/cmsis_os.o
 .debug_macro   0x00017818       0x16 ./Middlewares/FreeRTOS/cmsis_os.o
 .debug_macro   0x0001782e       0xe9 ./Middlewares/FreeRTOS/cmsis_os.o
 .debug_macro   0x00017917      0x1c0 ./Middlewares/FreeRTOS/heap_4.o
 .debug_macro   0x00017ad7      0x199 ./Middlewares/FreeRTOS/list.o
 .debug_macro   0x00017c70      0x233 ./Middlewares/FreeRTOS/port.o
 .debug_macro   0x00017ea3      0x28b ./Middlewares/FreeRTOS/tasks.o
 .debug_macro   0x0001812e       0x10 ./Middlewares/FreeRTOS/tasks.o

.debug_line     0x00000000    0x18a67
 .debug_line    0x00000000      0xae9 ./Core/Src/freertos.o
 .debug_line    0x00000ae9     0x10ce ./Core/Src/main.o
 .debug_line    0x00001bb7      0x9bf ./Core/Src/stm32f4xx_hal_msp.o
 .debug_line    0x00002576      0x8cb ./Core/Src/stm32f4xx_hal_timebase_tim.o
 .debug_line    0x00002e41      0x94c ./Core/Src/stm32f4xx_it.o
 .debug_line    0x0000378d      0x8d4 ./Core/Src/system_stm32f4xx.o
 .debug_line    0x00004061       0x7a ./Core/Startup/startup_stm32f401rctx.o
 .debug_line    0x000040db      0xb73 ./Drivers/STM32F4xx_HAL_Driver/stm32f4xx_hal.o
 .debug_line    0x00004c4e      0xe65 ./Drivers/STM32F4xx_HAL_Driver/stm32f4xx_hal_cortex.o
 .debug_line    0x00005ab3     0x10e3 ./Drivers/STM32F4xx_HAL_Driver/stm32f4xx_hal_dma.o
 .debug_line    0x00006b96      0xcc3 ./Drivers/STM32F4xx_HAL_Driver/stm32f4xx_hal_gpio.o
 .debug_line    0x00007859     0x3cb9 ./Drivers/STM32F4xx_HAL_Driver/stm32f4xx_hal_i2c.o
 .debug_line    0x0000b512      0xefc ./Drivers/STM32F4xx_HAL_Driver/stm32f4xx_hal_rcc.o
 .debug_line    0x0000c40e     0x36f1 ./Drivers/STM32F4xx_HAL_Driver/stm32f4xx_hal_tim.o
 .debug_line    0x0000faff     0x1b04 ./Drivers/STM32F4xx_HAL_Driver/stm32f4xx_hal_tim_ex.o
 .debug_line    0x00011603     0x2a45 ./Drivers/STM32F4xx_HAL_Driver/stm32f4xx_hal_uart.o
 .debug_line    0x00014048     0x133f ./Middlewares/FreeRTOS/cmsis_os.o
 .debug_line    0x00015387      0xa64 ./Middlewares/FreeRTOS/heap_4.o
 .debug_line    0x00015deb      0x839 ./Middlewares/FreeRTOS/list.o
 .debug_line    0x00016624      0x9cc ./Middlewares/FreeRTOS/port.o
 .debug_line    0x00016ff0     0x1a77 ./Middlewares/FreeRTOS/tasks.o

.debug_str      0x00000000    0x99542
 .debug_str     0x00000000    0x8d764 ./Core/Src/freertos.o
                              0x8da57 (size before relaxing)
 .debug_str     0x0008d764     0x4647 ./Core/Src/main.o
                              0x9215e (size before relaxing)
 .debug_str     0x00091dab       0xed ./Core/Src/stm32f4xx_hal_msp.o
                              0x88cbb (size before relaxing)
 .debug_str     0x00091e98      0x107 ./Core/Src/stm32f4xx_hal_timebase_tim.o
                              0x887ed (size before relaxing)
 .debug_str     0x00091f9f      0x131 ./Core/Src/stm32f4xx_it.o
                              0x8850d (size before relaxing)
 .debug_str     0x000920d0       0xdb ./Core/Src/system_stm32f4xx.o
                              0x87e58 (size before relaxing)
 .debug_str     0x000921ab       0x44 ./Core/Startup/startup_stm32f401rctx.o
                                 0x67 (size before relaxing)
 .debug_str     0x000921ef      0x609 ./Drivers/STM32F4xx_HAL_Driver/stm32f4xx_hal.o
                              0x888b0 (size before relaxing)
 .debug_str     0x000927f8      0x398 ./Drivers/STM32F4xx_HAL_Driver/stm32f4xx_hal_cortex.o
                              0x8861a (size before relaxing)
 .debug_str     0x00092b90      0x324 ./Drivers/STM32F4xx_HAL_Driver/stm32f4xx_hal_dma.o
                              0x88296 (size before relaxing)
 .debug_str     0x00092eb4      0x144 ./Drivers/STM32F4xx_HAL_Driver/stm32f4xx_hal_gpio.o
                              0x88009 (size before relaxing)
 .debug_str     0x00092ff8      0xb3a ./Drivers/STM32F4xx_HAL_Driver/stm32f4xx_hal_i2c.o
                              0x88e9f (size before relaxing)
 .debug_str     0x00093b32      0x208 ./Drivers/STM32F4xx_HAL_Driver/stm32f4xx_hal_rcc.o
                              0x882c2 (size before relaxing)
 .debug_str     0x00093d3a      0xdc3 ./Drivers/STM32F4xx_HAL_Driver/stm32f4xx_hal_tim.o
                              0x89206 (size before relaxing)
 .debug_str     0x00094afd      0x4c9 ./Drivers/STM32F4xx_HAL_Driver/stm32f4xx_hal_tim_ex.o
                              0x88a12 (size before relaxing)
 .debug_str     0x00094fc6      0x5ec ./Drivers/STM32F4xx_HAL_Driver/stm32f4xx_hal_uart.o
                              0x88891 (size before relaxing)
 .debug_str     0x000955b2     0x20b6 ./Middlewares/FreeRTOS/cmsis_os.o
                               0xed82 (size before relaxing)
 .debug_str     0x00097668      0x4ab ./Middlewares/FreeRTOS/heap_4.o
                               0xb47b (size before relaxing)
 .debug_str     0x00097b13      0x158 ./Middlewares/FreeRTOS/list.o
                               0xab39 (size before relaxing)
 .debug_str     0x00097c6b      0x854 ./Middlewares/FreeRTOS/port.o
                               0xa2ed (size before relaxing)
 .debug_str     0x000984bf     0x1083 ./Middlewares/FreeRTOS/tasks.o
                               0xd1f3 (size before relaxing)

.comment        0x00000000       0x43
 .comment       0x00000000       0x43 ./Core/Src/freertos.o
                                 0x44 (size before relaxing)
 .comment       0x00000043       0x44 ./Core/Src/main.o
 .comment       0x00000043       0x44 ./Core/Src/stm32f4xx_hal_msp.o
 .comment       0x00000043       0x44 ./Core/Src/stm32f4xx_hal_timebase_tim.o
 .comment       0x00000043       0x44 ./Core/Src/stm32f4xx_it.o
 .comment       0x00000043       0x44 ./Core/Src/system_stm32f4xx.o
 .comment       0x00000043       0x44 ./Drivers/STM32F4xx_HAL_Driver/stm32f4xx_hal.o
 .comment       0x00000043       0x44 ./Drivers/STM32F4xx_HAL_Driver/stm32f4xx_hal_cortex.o
 .comment       0x00000043       0x44 ./Drivers/STM32F4xx_HAL_Driver/stm32f4xx_hal_dma.o
 .comment       0x00000043       0x44 ./Drivers/STM32F4xx_HAL_Driver/stm32f4xx_hal_gpio.o
 .comment       0x00000043       0x44 ./Drivers/STM32F4xx_HAL_Driver/stm32f4xx_hal_i2c.o
 .comment       0x00000043       0x44 ./Drivers/STM32F4xx_HAL_Driver/stm32f4xx_hal_rcc.o
 .comment       0x00000043       0x44 ./Drivers/STM32F4xx_HAL_Driver/stm32f4xx_hal_tim.o
 .comment       0x00000043       0x44 ./Drivers/STM32F4xx_HAL_Driver/stm32f4xx_hal_tim_ex.o
 .comment       0x00000043       0x44 ./Drivers/STM32F4xx_HAL_Driver/stm32f4xx_hal_uart.o
 .comment       0x00000043       0x44 ./Middlewares/FreeRTOS/cmsis_os.o
 .comment       0x00000043       0x44 ./Middlewares/FreeRTOS/heap_4.o
 .comment       0x00000043       0x44 ./Middlewares/FreeRTOS/list.o
 .comment       0x00000043       0x44 ./Middlewares/FreeRTOS/port.o
 .comment       0x00000043       0x44 ./Middlewares/FreeRTOS/tasks.o

.debug_frame    0x00000000     0x5a40
 .debug_frame   0x00000000       0x38 ./Core/Src/freertos.o
 .debug_frame   0x00000038      0x344 ./Core/Src/main.o
 .debug_frame   0x0000037c      0x10c ./Core/Src/stm32f4xx_hal_msp.o
 .debug_frame   0x00000488       0x74 ./Core/Src/stm32f4xx_hal_timebase_tim.o
 .debug_frame   0x000004fc      0x134 ./Core/Src/stm32f4xx_it.o
 .debug_frame   0x00000630       0x58 ./Core/Src/system_stm32f4xx.o
 .debug_frame   0x00000688      0x374 ./Drivers/STM32F4xx_HAL_Driver/stm32f4xx_hal.o
 .debug_frame   0x000009fc      0x508 ./Drivers/STM32F4xx_HAL_Driver/stm32f4xx_hal_cortex.o
 .debug_frame   0x00000f04      0x250 ./Drivers/STM32F4xx_HAL_Driver/stm32f4xx_hal_dma.o
 .debug_frame   0x00001154      0x14c ./Drivers/STM32F4xx_HAL_Driver/stm32f4xx_hal_gpio.o
 .debug_frame   0x000012a0      0xc84 ./Drivers/STM32F4xx_HAL_Driver/stm32f4xx_hal_i2c.o
 .debug_frame   0x00001f24      0x1f4 ./Drivers/STM32F4xx_HAL_Driver/stm32f4xx_hal_rcc.o
 .debug_frame   0x00002118     0x11b8 ./Drivers/STM32F4xx_HAL_Driver/stm32f4xx_hal_tim.o
 .debug_frame   0x000032d0      0x638 ./Drivers/STM32F4xx_HAL_Driver/stm32f4xx_hal_tim_ex.o
 .debug_frame   0x00003908      0x954 ./Drivers/STM32F4xx_HAL_Driver/stm32f4xx_hal_uart.o
 .debug_frame   0x0000425c      0x80c ./Middlewares/FreeRTOS/cmsis_os.o
 .debug_frame   0x00004a68      0x12c ./Middlewares/FreeRTOS/heap_4.o
 .debug_frame   0x00004b94       0xd8 ./Middlewares/FreeRTOS/list.o
 .debug_frame   0x00004c6c      0x1a8 ./Middlewares/FreeRTOS/port.o
 .debug_frame   0x00004e14      0x77c ./Middlewares/FreeRTOS/tasks.o
 .debug_frame   0x00005590      0x144 C:/ST/STM32CubeIDE_1.17.0/STM32CubeIDE/plugins/com.st.stm32cube.ide.mcu.externaltools.gnu-tools-for-stm32.12.3.rel1.win32_1.1.0.202410251130/tools/bin/../lib/gcc/arm-none-eabi/12.3.1/../../../../arm-none-eabi/lib/thumb/v7e-m+fp/hard\libc_nano.a(libc_a-findfp.o)
 .debug_frame   0x000056d4       0x20 C:/ST/STM32CubeIDE_1.17.0/STM32CubeIDE/plugins/com.st.stm32cube.ide.mcu.externaltools.gnu-tools-for-stm32.12.3.rel1.win32_1.1.0.202410251130/tools/bin/../lib/gcc/arm-none-eabi/12.3.1/../../../../arm-none-eabi/lib/thumb/v7e-m+fp/hard\libc_nano.a(libc_a-memset.o)
 .debug_frame   0x000056f4       0x38 C:/ST/STM32CubeIDE_1.17.0/STM32CubeIDE/plugins/com.st.stm32cube.ide.mcu.externaltools.gnu-tools-for-stm32.12.3.rel1.win32_1.1.0.202410251130/tools/bin/../lib/gcc/arm-none-eabi/12.3.1/../../../../arm-none-eabi/lib/thumb/v7e-m+fp/hard\libc_nano.a(libc_a-reent.o)
 .debug_frame   0x0000572c       0x2c C:/ST/STM32CubeIDE_1.17.0/STM32CubeIDE/plugins/com.st.stm32cube.ide.mcu.externaltools.gnu-tools-for-stm32.12.3.rel1.win32_1.1.0.202410251130/tools/bin/../lib/gcc/arm-none-eabi/12.3.1/../../../../arm-none-eabi/lib/thumb/v7e-m+fp/hard\libc_nano.a(libc_a-init.o)
 .debug_frame   0x00005758       0xb0 C:/ST/STM32CubeIDE_1.17.0/STM32CubeIDE/plugins/com.st.stm32cube.ide.mcu.externaltools.gnu-tools-for-stm32.12.3.rel1.win32_1.1.0.202410251130/tools/bin/../lib/gcc/arm-none-eabi/12.3.1/../../../../arm-none-eabi/lib/thumb/v7e-m+fp/hard\libc_nano.a(libc_a-lock.o)
 .debug_frame   0x00005808       0x38 C:/ST/STM32CubeIDE_1.17.0/STM32CubeIDE/plugins/com.st.stm32cube.ide.mcu.externaltools.gnu-tools-for-stm32.12.3.rel1.win32_1.1.0.202410251130/tools/bin/../lib/gcc/arm-none-eabi/12.3.1/../../../../arm-none-eabi/lib/thumb/v7e-m+fp/hard\libc_nano.a(libc_a-freer.o)
 .debug_frame   0x00005840       0x50 C:/ST/STM32CubeIDE_1.17.0/STM32CubeIDE/plugins/com.st.stm32cube.ide.mcu.externaltools.gnu-tools-for-stm32.12.3.rel1.win32_1.1.0.202410251130/tools/bin/../lib/gcc/arm-none-eabi/12.3.1/../../../../arm-none-eabi/lib/thumb/v7e-m+fp/hard\libc_nano.a(libc_a-mallocr.o)
 .debug_frame   0x00005890       0x30 C:/ST/STM32CubeIDE_1.17.0/STM32CubeIDE/plugins/com.st.stm32cube.ide.mcu.externaltools.gnu-tools-for-stm32.12.3.rel1.win32_1.1.0.202410251130/tools/bin/../lib/gcc/arm-none-eabi/12.3.1/../../../../arm-none-eabi/lib/thumb/v7e-m+fp/hard\libc_nano.a(libc_a-mlock.o)
 .debug_frame   0x000058c0       0xac C:/ST/STM32CubeIDE_1.17.0/STM32CubeIDE/plugins/com.st.stm32cube.ide.mcu.externaltools.gnu-tools-for-stm32.12.3.rel1.win32_1.1.0.202410251130/tools/bin/../lib/gcc/arm-none-eabi/12.3.1/thumb/v7e-m+fp/hard\libgcc.a(_arm_addsubdf3.o)
 .debug_frame   0x0000596c       0x50 C:/ST/STM32CubeIDE_1.17.0/STM32CubeIDE/plugins/com.st.stm32cube.ide.mcu.externaltools.gnu-tools-for-stm32.12.3.rel1.win32_1.1.0.202410251130/tools/bin/../lib/gcc/arm-none-eabi/12.3.1/thumb/v7e-m+fp/hard\libgcc.a(_arm_muldivdf3.o)
 .debug_frame   0x000059bc       0x24 C:/ST/STM32CubeIDE_1.17.0/STM32CubeIDE/plugins/com.st.stm32cube.ide.mcu.externaltools.gnu-tools-for-stm32.12.3.rel1.win32_1.1.0.202410251130/tools/bin/../lib/gcc/arm-none-eabi/12.3.1/thumb/v7e-m+fp/hard\libgcc.a(_arm_fixunsdfsi.o)
 .debug_frame   0x000059e0       0x2c C:/ST/STM32CubeIDE_1.17.0/STM32CubeIDE/plugins/com.st.stm32cube.ide.mcu.externaltools.gnu-tools-for-stm32.12.3.rel1.win32_1.1.0.202410251130/tools/bin/../lib/gcc/arm-none-eabi/12.3.1/thumb/v7e-m+fp/hard\libgcc.a(_aeabi_uldivmod.o)
 .debug_frame   0x00005a0c       0x34 C:/ST/STM32CubeIDE_1.17.0/STM32CubeIDE/plugins/com.st.stm32cube.ide.mcu.externaltools.gnu-tools-for-stm32.12.3.rel1.win32_1.1.0.202410251130/tools/bin/../lib/gcc/arm-none-eabi/12.3.1/thumb/v7e-m+fp/hard\libgcc.a(_udivmoddi4.o)

.debug_line_str
                0x00000000       0x4b
 .debug_line_str
                0x00000000       0x4b ./Core/Startup/startup_stm32f401rctx.o
