C:/Users/PC/STM32Cube/Repository/STM32Cube_FW_F4_V1.28.1/Drivers/STM32F4xx_HAL_Driver/Inc/stm32f4xx_ll_usart.h:1020:22:LL_USART_SetBaudRate	288	static
../Core/Src/main.c:88:6:delay	16	static
../Core/Src/main.c:106:6:HAL_TIM_IC_CaptureCallback	16	static
../Core/Src/main.c:143:6:HCSR04_Read	8	static
../Core/Src/main.c:158:5:main	128	static
../Core/Src/main.c:250:6:SystemClock_Config	88	static
../Core/Src/main.c:296:13:MX_I2C1_Init	8	static
../Core/Src/main.c:330:13:MX_TIM1_Init	32	static
../Core/Src/main.c:379:13:MX_USART1_UART_Init	8	static
../Core/Src/main.c:412:13:MX_USART2_UART_Init	8	static
../Core/Src/main.c:443:13:MX_DMA_Init	16	static
../Core/Src/main.c:464:13:MX_GPIO_Init	48	static
../Core/Src/main.c:507:16:DS18B20_Init	24	static
../Core/Src/main.c:527:16:DS18B20_ReadBit	16	static
../Core/Src/main.c:540:16:DS18B20_ReadByte	16	static
../Core/Src/main.c:554:13:DS18B20_WriteByte	32	static
../Core/Src/main.c:571:6:DS18B20_SampleTemp	8	static
../Core/Src/main.c:578:7:DS18B20_ReadTemp	16	static
../Core/Src/main.c:605:6:StartDefaultTask	16	static
../Core/Src/main.c:623:6:TEMP_init	16	static
../Core/Src/main.c:643:6:DIST_init	16	static
../Core/Src/main.c:664:6:COMM_init	40	static
../Core/Src/main.c:727:6:HAL_TIM_PeriodElapsedCallback	16	static
../Core/Src/main.c:744:6:Error_Handler	4	static,ignoring_inline_asm
